 Container rz_go_x_go_x_py_server Creating 
 Container rz_go_x_go_x_py_server Created 
 Container rz_go_x_go_x_py_registrant Creating 
 Container rz_go_x_go_x_py_registrant Created 
 Container rz_go_x_go_x_py_discoverer Creating 
 Container rz_go_x_go_x_py_discoverer Created 
Attaching to rz_go_x_go_x_py_discoverer, rz_go_x_go_x_py_registrant, rz_go_x_go_x_py_server
 Container rz_go_x_go_x_py_server Starting 
 Container rz_go_x_go_x_py_server Started 
 Container rz_go_x_go_x_py_registrant Starting 
rz_go_x_go_x_py_server  | Node started | role=server addr=/ip4/172.20.0.3/tcp/45379/p2p/12D3KooWFqi4Q9bmGevHsM5kvVMgWw9nZudGKhWp3erNNgpzsxXn
rz_go_x_go_x_py_server  | Rendezvous server ready at /ip4/172.20.0.3/tcp/45379/p2p/12D3KooWFqi4Q9bmGevHsM5kvVMgWw9nZudGKhWp3erNNgpzsxXn
 Container rz_go_x_go_x_py_registrant Started 
 Container rz_go_x_go_x_py_discoverer Starting 
rz_go_x_go_x_py_registrant  | Node started | role=registrant addr=/ip4/172.20.0.4/tcp/34861/p2p/12D3KooWHzGJJysB8sHBLWfvJH5oQUbKS2V8PABifC3p56r56nyc
rz_go_x_go_x_py_registrant  | Registered in namespace "rendezvous-ns-0399a988" with TTL 5m0s
rz_go_x_go_x_py_registrant  | Registrant waiting for discoverer...
 Container rz_go_x_go_x_py_discoverer Started 
rz_go_x_go_x_py_discoverer  | 2026-09-12 20:46:24,470 [INFO] [__main__] Node started in role 'discoverer' at /ip4/172.20.0.5/tcp/41591/p2p/12D3KooWDQen2W98CW41wEcr149CVCHiFJa1y7E9Wq4PeXmuaQJM
rz_go_x_go_x_py_discoverer  | 2026-09-12 20:46:24,730 [INFO] [__main__] Discoverer found 1 peer(s)
rz_go_x_go_x_py_discoverer  | 2026-09-12 20:46:24,984 [INFO] [__main__] Discoverer successfully pinged registrant peer!
rz_go_x_go_x_py_discoverer  | status: pass
[Krz_go_x_go_x_py_discoverer exited with code 0
 Compose Stopping Aborting on container exit...
 Container rz_go_x_go_x_py_discoverer Stopping 
 Container rz_go_x_go_x_py_discoverer Stopped 
 Container rz_go_x_go_x_py_registrant Stopping 
 Container rz_go_x_go_x_py_registrant Stopped 
 Container rz_go_x_go_x_py_server Stopping 
[Krz_go_x_go_x_py_registrant exited with code 0
 Container rz_go_x_go_x_py_server Stopped 
[Krz_go_x_go_x_py_server exited with code 0
 Container rz_go_x_go_x_py_discoverer Stopping 
 Container rz_go_x_go_x_py_discoverer Stopped 
 Container rz_go_x_go_x_py_discoverer Removing 
 Container rz_go_x_go_x_py_discoverer Removed 
 Container rz_go_x_go_x_py_registrant Stopping 
 Container rz_go_x_go_x_py_registrant Stopped 
 Container rz_go_x_go_x_py_registrant Removing 
 Container rz_go_x_go_x_py_registrant Removed 
 Container rz_go_x_go_x_py_server Stopping 
 Container rz_go_x_go_x_py_server Stopped 
 Container rz_go_x_go_x_py_server Removing 
 Container rz_go_x_go_x_py_server Removed 
