 Container rz_go_x_py_x_py_server Creating 
 Container rz_go_x_py_x_py_server Created 
 Container rz_go_x_py_x_py_registrant Creating 
 Container rz_go_x_py_x_py_registrant Created 
 Container rz_go_x_py_x_py_discoverer Creating 
 Container rz_go_x_py_x_py_discoverer Created 
Attaching to rz_go_x_py_x_py_discoverer, rz_go_x_py_x_py_registrant, rz_go_x_py_x_py_server
 Container rz_go_x_py_x_py_server Starting 
 Container rz_go_x_py_x_py_server Started 
 Container rz_go_x_py_x_py_registrant Starting 
rz_go_x_py_x_py_server  | Node started | role=server addr=/ip4/172.20.0.3/tcp/40829/p2p/12D3KooWHqMxpV4jmfr823rokGFxPboihKxKcpSQ64fbTHKjY76F
rz_go_x_py_x_py_server  | Rendezvous server ready at /ip4/172.20.0.3/tcp/40829/p2p/12D3KooWHqMxpV4jmfr823rokGFxPboihKxKcpSQ64fbTHKjY76F
 Container rz_go_x_py_x_py_registrant Started 
 Container rz_go_x_py_x_py_discoverer Starting 
 Container rz_go_x_py_x_py_discoverer Started 
rz_go_x_py_x_py_registrant  | 2026-09-12 20:46:27,851 [INFO] [__main__] Node started in role 'registrant' at /ip4/172.20.0.4/tcp/35519/p2p/12D3KooWN2vJno9sXMpZJhcWHoPHRoh9f7Lat7qL44nYd4hTwJiw
rz_go_x_py_x_py_discoverer  | 2026-09-12 20:46:27,910 [INFO] [__main__] Node started in role 'discoverer' at /ip4/172.20.0.5/tcp/36745/p2p/12D3KooWQg2ZAA68qSJBGSoUQR4Q6L6GuN4TA6FLzTFukMerwdiK
rz_go_x_py_x_py_registrant  | 2026-09-12 20:46:28,108 [INFO] [__main__] Registrant registered with TTL 300
rz_go_x_py_x_py_registrant  | 2026-09-12 20:46:28,109 [INFO] [__main__] Registrant waiting indefinitely for discoverer...
rz_go_x_py_x_py_discoverer  | 2026-09-12 20:46:28,673 [INFO] [__main__] Discoverer found 1 peer(s)
rz_go_x_py_x_py_discoverer  | 2026-09-12 20:46:28,930 [INFO] [__main__] Discoverer successfully pinged registrant peer!
rz_go_x_py_x_py_discoverer  | status: pass
[Krz_go_x_py_x_py_discoverer exited with code 0
 Compose Stopping Aborting on container exit...
 Container rz_go_x_py_x_py_discoverer Stopping 
 Container rz_go_x_py_x_py_discoverer Stopped 
 Container rz_go_x_py_x_py_registrant Stopping 
 Container rz_go_x_py_x_py_registrant Stopped 
 Container rz_go_x_py_x_py_server Stopping 
[Krz_go_x_py_x_py_registrant exited with code 143
 Container rz_go_x_py_x_py_server Stopped 
[Krz_go_x_py_x_py_server exited with code 0
 Container rz_go_x_py_x_py_discoverer Stopping 
 Container rz_go_x_py_x_py_discoverer Stopped 
 Container rz_go_x_py_x_py_discoverer Removing 
 Container rz_go_x_py_x_py_discoverer Removed 
 Container rz_go_x_py_x_py_registrant Stopping 
 Container rz_go_x_py_x_py_registrant Stopped 
 Container rz_go_x_py_x_py_registrant Removing 
 Container rz_go_x_py_x_py_registrant Removed 
 Container rz_go_x_py_x_py_server Stopping 
 Container rz_go_x_py_x_py_server Stopped 
 Container rz_go_x_py_x_py_server Removing 
 Container rz_go_x_py_x_py_server Removed 
