 Container rz_go_x_py_x_py_server Creating 
 Container rz_go_x_py_x_py_server Created 
 Container rz_go_x_py_x_py_registrant Creating 
 Container rz_go_x_py_x_py_registrant Created 
 Container rz_go_x_py_x_py_discoverer Creating 
 Container rz_go_x_py_x_py_discoverer Created 
Attaching to rz_go_x_py_x_py_discoverer, rz_go_x_py_x_py_registrant, rz_go_x_py_x_py_server
 Container rz_go_x_py_x_py_server Starting 
 Container rz_go_x_py_x_py_server Started 
 Container rz_go_x_py_x_py_registrant Starting 
rz_go_x_py_x_py_server  | Node started | role=server addr=/ip4/172.20.0.3/tcp/35327/p2p/12D3KooWSF64rDy7agRcgphVdQJhDej2qG2UqXoSmUvMgVYsChvg
rz_go_x_py_x_py_server  | Rendezvous server ready at /ip4/172.20.0.3/tcp/35327/p2p/12D3KooWSF64rDy7agRcgphVdQJhDej2qG2UqXoSmUvMgVYsChvg
 Container rz_go_x_py_x_py_registrant Started 
 Container rz_go_x_py_x_py_discoverer Starting 
 Container rz_go_x_py_x_py_discoverer Started 
rz_go_x_py_x_py_registrant  | 2026-09-12 19:16:27,142 [INFO] [__main__] Node started in role 'registrant' at /ip4/172.20.0.4/tcp/33565/p2p/12D3KooWHHZVjUucRPF9mngdC2uzq4idyE1bv6zi43poDwfbCJe3
rz_go_x_py_x_py_discoverer  | 2026-09-12 19:16:27,226 [INFO] [__main__] Node started in role 'discoverer' at /ip4/172.20.0.5/tcp/41161/p2p/12D3KooWAtUsbEAePuUT3hgq9QgSdTWC9PbzkvagUbsi6iqvTRrM
rz_go_x_py_x_py_registrant  | 2026-09-12 19:16:27,398 [INFO] [__main__] Registrant registered with TTL 300
rz_go_x_py_x_py_registrant  | 2026-09-12 19:16:27,399 [INFO] [__main__] Registrant waiting indefinitely for discoverer...
rz_go_x_py_x_py_discoverer  | 2026-09-12 19:16:27,990 [INFO] [__main__] Discoverer found 1 peer(s)
rz_go_x_py_x_py_discoverer  | 2026-09-12 19:16:28,246 [INFO] [__main__] Discoverer successfully pinged registrant peer!
rz_go_x_py_x_py_discoverer  | status: pass
[Krz_go_x_py_x_py_discoverer exited with code 0
 Compose Stopping Aborting on container exit...
 Container rz_go_x_py_x_py_discoverer Stopping 
 Container rz_go_x_py_x_py_discoverer Stopped 
 Container rz_go_x_py_x_py_registrant Stopping 
 Container rz_go_x_py_x_py_registrant Stopped 
 Container rz_go_x_py_x_py_server Stopping 
[Krz_go_x_py_x_py_registrant exited with code 143
 Container rz_go_x_py_x_py_server Stopped 
[Krz_go_x_py_x_py_server exited with code 0
 Container rz_go_x_py_x_py_discoverer Stopping 
 Container rz_go_x_py_x_py_discoverer Stopped 
 Container rz_go_x_py_x_py_discoverer Removing 
 Container rz_go_x_py_x_py_discoverer Removed 
 Container rz_go_x_py_x_py_registrant Stopping 
 Container rz_go_x_py_x_py_registrant Stopped 
 Container rz_go_x_py_x_py_registrant Removing 
 Container rz_go_x_py_x_py_registrant Removed 
 Container rz_go_x_py_x_py_server Stopping 
 Container rz_go_x_py_x_py_server Stopped 
 Container rz_go_x_py_x_py_server Removing 
 Container rz_go_x_py_x_py_server Removed 
