 Container rz_py_x_py_x_py_server Creating 
 Container rz_py_x_py_x_py_server Created 
 Container rz_py_x_py_x_py_registrant Creating 
 Container rz_py_x_py_x_py_registrant Created 
 Container rz_py_x_py_x_py_discoverer Creating 
 Container rz_py_x_py_x_py_discoverer Created 
Attaching to rz_py_x_py_x_py_discoverer, rz_py_x_py_x_py_registrant, rz_py_x_py_x_py_server
 Container rz_py_x_py_x_py_server Starting 
 Container rz_py_x_py_x_py_server Started 
 Container rz_py_x_py_x_py_registrant Starting 
 Container rz_py_x_py_x_py_registrant Started 
 Container rz_py_x_py_x_py_discoverer Starting 
 Container rz_py_x_py_x_py_discoverer Started 
rz_py_x_py_x_py_registrant  | 2026-09-12 19:16:34,630 [INFO] [__main__] Node started in role 'registrant' at /ip4/172.20.0.4/tcp/40307/p2p/12D3KooWAippmp4u55fkrdTsRq4gGD1S8TTKXqvanXDTjciGBspm
rz_py_x_py_x_py_server      | 2026-09-12 19:16:34,676 [INFO] [__main__] Node started in role 'server' at /ip4/172.20.0.3/tcp/34727/p2p/12D3KooWL3vBHtnvvavXWkcp7Ft1ZwTf5C7XNzWT45LG9vEkXNmv
rz_py_x_py_x_py_server      | 2026-09-12 19:16:34,677 [INFO] [__main__] Rendezvous server waiting indefinitely...
rz_py_x_py_x_py_discoverer  | 2026-09-12 19:16:34,788 [INFO] [__main__] Node started in role 'discoverer' at /ip4/172.20.0.5/tcp/32991/p2p/12D3KooWK6PwG5ENse78umhVGCiE4CRm7GRQq8PDx2hTn5hHqeX1
rz_py_x_py_x_py_server      | Error handling stream from 12D3KooWAippmp4u55fkrdTsRq4gGD1S8TTKXqvanXDTjciGBspm: 
rz_py_x_py_x_py_registrant  | 2026-09-12 19:16:35,400 [INFO] [__main__] Registrant registered with TTL 300
rz_py_x_py_x_py_registrant  | 2026-09-12 19:16:35,402 [INFO] [__main__] Registrant waiting indefinitely for discoverer...
rz_py_x_py_x_py_server      | Error handling stream from 12D3KooWK6PwG5ENse78umhVGCiE4CRm7GRQq8PDx2hTn5hHqeX1: 
rz_py_x_py_x_py_discoverer  | 2026-09-12 19:16:36,055 [INFO] [__main__] Discoverer found 1 peer(s)
rz_py_x_py_x_py_discoverer  | 2026-09-12 19:16:36,308 [INFO] [__main__] Discoverer successfully pinged registrant peer!
rz_py_x_py_x_py_discoverer  | status: pass
[Krz_py_x_py_x_py_discoverer exited with code 0
 Compose Stopping Aborting on container exit...
 Container rz_py_x_py_x_py_discoverer Stopping 
 Container rz_py_x_py_x_py_discoverer Stopped 
 Container rz_py_x_py_x_py_registrant Stopping 
 Container rz_py_x_py_x_py_registrant Stopped 
 Container rz_py_x_py_x_py_server Stopping 
[Krz_py_x_py_x_py_registrant exited with code 143
 Container rz_py_x_py_x_py_server Stopped 
[Krz_py_x_py_x_py_server exited with code 143
 Container rz_py_x_py_x_py_discoverer Stopping 
 Container rz_py_x_py_x_py_discoverer Stopped 
 Container rz_py_x_py_x_py_discoverer Removing 
 Container rz_py_x_py_x_py_discoverer Removed 
 Container rz_py_x_py_x_py_registrant Stopping 
 Container rz_py_x_py_x_py_registrant Stopped 
 Container rz_py_x_py_x_py_registrant Removing 
 Container rz_py_x_py_x_py_registrant Removed 
 Container rz_py_x_py_x_py_server Stopping 
 Container rz_py_x_py_x_py_server Stopped 
 Container rz_py_x_py_x_py_server Removing 
 Container rz_py_x_py_x_py_server Removed 
