 Container rz_py_x_go_x_py_server Creating 
 Container rz_py_x_go_x_py_server Created 
 Container rz_py_x_go_x_py_registrant Creating 
 Container rz_py_x_go_x_py_registrant Created 
 Container rz_py_x_go_x_py_discoverer Creating 
 Container rz_py_x_go_x_py_discoverer Created 
Attaching to rz_py_x_go_x_py_discoverer, rz_py_x_go_x_py_registrant, rz_py_x_go_x_py_server
 Container rz_py_x_go_x_py_server Starting 
 Container rz_py_x_go_x_py_server Started 
 Container rz_py_x_go_x_py_registrant Starting 
 Container rz_py_x_go_x_py_registrant Started 
 Container rz_py_x_go_x_py_discoverer Starting 
rz_py_x_go_x_py_registrant  | Node started | role=registrant addr=/ip4/172.20.0.4/tcp/36263/p2p/12D3KooWS86dYBJgGqArcT2hj7raGn6RB3w2tdKZVKeTps5g7qro
 Container rz_py_x_go_x_py_discoverer Started 
rz_py_x_go_x_py_server      | 2026-09-12 19:16:30,477 [INFO] [__main__] Node started in role 'server' at /ip4/172.20.0.3/tcp/42369/p2p/12D3KooWDTo71s91QMfsQzhxX48zVwSGnfgezEvu9uH2uP17hZY1
rz_py_x_go_x_py_server      | 2026-09-12 19:16:30,479 [INFO] [__main__] Rendezvous server waiting indefinitely...
rz_py_x_go_x_py_discoverer  | 2026-09-12 19:16:30,597 [INFO] [__main__] Node started in role 'discoverer' at /ip4/172.20.0.5/tcp/44259/p2p/12D3KooWF5VLi1oAkLwD9LrUcBVornrN3nx97R8AsEmenDxDrBup
rz_py_x_go_x_py_registrant  | Registered in namespace "rendezvous-ns-33da6f53" with TTL 5m0s
rz_py_x_go_x_py_registrant  | Registrant waiting for discoverer...
rz_py_x_go_x_py_server      | Error handling stream from 12D3KooWS86dYBJgGqArcT2hj7raGn6RB3w2tdKZVKeTps5g7qro: 
rz_py_x_go_x_py_discoverer  | 2026-09-12 19:16:31,361 [INFO] [__main__] Discoverer found 1 peer(s)
rz_py_x_go_x_py_server      | Error handling stream from 12D3KooWF5VLi1oAkLwD9LrUcBVornrN3nx97R8AsEmenDxDrBup: 
rz_py_x_go_x_py_discoverer  | 2026-09-12 19:16:31,614 [INFO] [__main__] Discoverer successfully pinged registrant peer!
rz_py_x_go_x_py_discoverer  | status: pass
[Krz_py_x_go_x_py_discoverer exited with code 0
 Compose Stopping Aborting on container exit...
 Container rz_py_x_go_x_py_discoverer Stopping 
 Container rz_py_x_go_x_py_discoverer Stopped 
 Container rz_py_x_go_x_py_registrant Stopping 
 Container rz_py_x_go_x_py_registrant Stopped 
 Container rz_py_x_go_x_py_server Stopping 
[Krz_py_x_go_x_py_registrant exited with code 0
 Container rz_py_x_go_x_py_server Stopped 
[Krz_py_x_go_x_py_server exited with code 143
 Container rz_py_x_go_x_py_discoverer Stopping 
 Container rz_py_x_go_x_py_discoverer Stopped 
 Container rz_py_x_go_x_py_discoverer Removing 
 Container rz_py_x_go_x_py_discoverer Removed 
 Container rz_py_x_go_x_py_registrant Stopping 
 Container rz_py_x_go_x_py_registrant Stopped 
 Container rz_py_x_go_x_py_registrant Removing 
 Container rz_py_x_go_x_py_registrant Removed 
 Container rz_py_x_go_x_py_server Stopping 
 Container rz_py_x_go_x_py_server Stopped 
 Container rz_py_x_go_x_py_server Removing 
 Container rz_py_x_go_x_py_server Removed 
