 Container rz_go_x_py_x_go_server Creating 
 Container rz_go_x_py_x_go_server Created 
 Container rz_go_x_py_x_go_registrant Creating 
 Container rz_go_x_py_x_go_registrant Created 
 Container rz_go_x_py_x_go_discoverer Creating 
 Container rz_go_x_py_x_go_discoverer Created 
Attaching to rz_go_x_py_x_go_discoverer, rz_go_x_py_x_go_registrant, rz_go_x_py_x_go_server
 Container rz_go_x_py_x_go_server Starting 
 Container rz_go_x_py_x_go_server Started 
 Container rz_go_x_py_x_go_registrant Starting 
 Container rz_go_x_py_x_go_registrant Started 
 Container rz_go_x_py_x_go_discoverer Starting 
rz_go_x_py_x_go_server  | Node started in role 'server' at /ip4/172.18.0.3/tcp/33605/p2p/QmWwWxKAPGeixokwXGMCdcyF8V6sgRjuVKsStNeBpxEJzH
rz_go_x_py_x_go_server  | Rendezvous server waiting indefinitely...
 Container rz_go_x_py_x_go_discoverer Started 
rz_go_x_py_x_go_discoverer  | Node started in role 'discoverer' at /ip4/172.18.0.5/tcp/45245/p2p/QmbKAtfXanSxX7AHJGXTteP3cnBT2n7R2kh6pLbm3foajv
rz_go_x_py_x_go_registrant  | 2026-09-06 17:32:04,048 INFO: Node started in role 'registrant' at /ip4/172.18.0.4/tcp/33299/p2p/12D3KooWARajf7776SCea7jSeZ6f5eeyBMuhhy5ExLdvDByjGwtQ
rz_go_x_py_x_go_registrant  | Failed to open stream to peer QmWwWxKAPGeixokwXGMCdcyF8V6sgRjuVKsStNeBpxEJzH:
rz_go_x_py_x_go_registrant  |   Error: protocols not supported: tried ['/ipfs/id/1.0.0'], timeout=10s. Last error: protocol not supported: /ipfs/id/1.0.0, response='na'
rz_go_x_py_x_go_registrant  |   Protocols: ['/ipfs/id/1.0.0']
rz_go_x_py_x_go_registrant  |   Timeout: 30s
rz_go_x_py_x_go_registrant  |   Connection: Yamux
rz_go_x_py_x_go_registrant  |   Connection State: established=True, handshake=False
rz_go_x_py_x_go_registrant  |   Registry Stats: None
rz_go_x_py_x_go_registrant  | Failed to open stream to peer QmWwWxKAPGeixokwXGMCdcyF8V6sgRjuVKsStNeBpxEJzH:
rz_go_x_py_x_go_registrant  |   Error: protocols not supported: tried ['/ipfs/id/1.0.0'], timeout=10s. Last error: protocol not supported: /ipfs/id/1.0.0, response='na'
rz_go_x_py_x_go_registrant  |   Protocols: ['/ipfs/id/1.0.0']
rz_go_x_py_x_go_registrant  |   Timeout: 30s
rz_go_x_py_x_go_registrant  |   Connection: Yamux
rz_go_x_py_x_go_registrant  |   Connection State: established=True, handshake=False
rz_go_x_py_x_go_registrant  |   Registry Stats: None
rz_go_x_py_x_go_registrant  | 2026-09-06 17:32:04,317 INFO: Registrant registered with TTL 300
rz_go_x_py_x_go_registrant  | 2026-09-06 17:32:04,319 INFO: Registrant waiting indefinitely for discoverer...
rz_go_x_py_x_go_discoverer  | Discoverer found 1 peer(s)
rz_go_x_py_x_go_registrant  | Failed to open stream to peer QmbKAtfXanSxX7AHJGXTteP3cnBT2n7R2kh6pLbm3foajv:
rz_go_x_py_x_go_discoverer  | status: pass
rz_go_x_py_x_go_registrant  |   Error: protocols not supported: tried ['/ipfs/id/1.0.0'], timeout=10s. Last error: protocol not supported: /ipfs/id/1.0.0, response='na'
rz_go_x_py_x_go_registrant  |   Protocols: ['/ipfs/id/1.0.0']
rz_go_x_py_x_go_registrant  |   Timeout: 30s
rz_go_x_py_x_go_registrant  |   Connection: Yamux
rz_go_x_py_x_go_registrant  |   Connection State: established=True, handshake=False
rz_go_x_py_x_go_registrant  |   Registry Stats: None
[Krz_go_x_py_x_go_discoverer exited with code 0
 Compose Stopping Aborting on container exit...
 Container rz_go_x_py_x_go_discoverer Stopping 
 Container rz_go_x_py_x_go_discoverer Stopped 
 Container rz_go_x_py_x_go_registrant Stopping 
 Container rz_go_x_py_x_go_registrant Stopped 
 Container rz_go_x_py_x_go_server Stopping 
[Krz_go_x_py_x_go_registrant exited with code 143
rz_go_x_py_x_go_server      | [0;37m17:32:04.622 [31mERROR [0;34m    swarm2: [0mswarm listener accept error: accept tcp4 172.18.0.3:33605: use of closed network connection [0;37mswarm_listen.go:79[0m
 Container rz_go_x_py_x_go_server Stopped 
[Krz_go_x_py_x_go_server exited with code 0
 Container rz_go_x_py_x_go_discoverer Stopping 
 Container rz_go_x_py_x_go_discoverer Stopped 
 Container rz_go_x_py_x_go_discoverer Removing 
 Container rz_go_x_py_x_go_discoverer Removed 
 Container rz_go_x_py_x_go_registrant Stopping 
 Container rz_go_x_py_x_go_registrant Stopped 
 Container rz_go_x_py_x_go_registrant Removing 
 Container rz_go_x_py_x_go_registrant Removed 
 Container rz_go_x_py_x_go_server Stopping 
 Container rz_go_x_py_x_go_server Stopped 
 Container rz_go_x_py_x_go_server Removing 
 Container rz_go_x_py_x_go_server Removed 
