 Container rz_py_x_py_x_py_server Creating 
 Container rz_py_x_py_x_py_server Created 
 Container rz_py_x_py_x_py_registrant Creating 
 Container rz_py_x_py_x_py_registrant Created 
 Container rz_py_x_py_x_py_discoverer Creating 
 Container rz_py_x_py_x_py_discoverer Created 
Attaching to rz_py_x_py_x_py_discoverer, rz_py_x_py_x_py_registrant, rz_py_x_py_x_py_server
 Container rz_py_x_py_x_py_server Starting 
 Container rz_py_x_py_x_py_server Started 
 Container rz_py_x_py_x_py_registrant Starting 
 Container rz_py_x_py_x_py_registrant Started 
 Container rz_py_x_py_x_py_discoverer Starting 
 Container rz_py_x_py_x_py_discoverer Started 
rz_py_x_py_x_py_server  | 2026-09-06 17:32:12,836 INFO: Node started in role 'server' at /ip4/172.18.0.3/tcp/41207/p2p/12D3KooWRKajaRWDZ7tEJcTnFzLotyNbSCnzRMKKJnKFo9FYPXyF
rz_py_x_py_x_py_server  | 2026-09-06 17:32:12,838 INFO: Rendezvous server waiting indefinitely...
rz_py_x_py_x_py_registrant  | 2026-09-06 17:32:13,016 INFO: Node started in role 'registrant' at /ip4/172.18.0.4/tcp/40793/p2p/12D3KooWGf9w53nfdGxxBfkWC3Q6giJ443CgY3cnHfLHEroRi4hP
rz_py_x_py_x_py_discoverer  | 2026-09-06 17:32:13,065 INFO: Node started in role 'discoverer' at /ip4/172.18.0.5/tcp/36589/p2p/12D3KooWPev4rNiyNfAvXapQ8SFGTpvh9Z6pspaAGx6UtaB4TaRP
rz_py_x_py_x_py_server      | Error handling stream from 12D3KooWGf9w53nfdGxxBfkWC3Q6giJ443CgY3cnHfLHEroRi4hP: 
rz_py_x_py_x_py_registrant  | 2026-09-06 17:32:13,273 INFO: Registrant registered with TTL 300
rz_py_x_py_x_py_registrant  | 2026-09-06 17:32:13,274 INFO: Registrant waiting indefinitely for discoverer...
rz_py_x_py_x_py_server      | Error handling stream from 12D3KooWPev4rNiyNfAvXapQ8SFGTpvh9Z6pspaAGx6UtaB4TaRP: 
rz_py_x_py_x_py_discoverer  | 2026-09-06 17:32:13,829 INFO: Discoverer found 1 peer(s)
rz_py_x_py_x_py_discoverer  | 2026-09-06 17:32:14,085 INFO: Discoverer successfully pinged registrant peer!
rz_py_x_py_x_py_discoverer  | status: pass
[Krz_py_x_py_x_py_discoverer exited with code 0
 Compose Stopping Aborting on container exit...
 Container rz_py_x_py_x_py_discoverer Stopping 
 Container rz_py_x_py_x_py_discoverer Stopped 
 Container rz_py_x_py_x_py_registrant Stopping 
 Container rz_py_x_py_x_py_registrant Stopped 
 Container rz_py_x_py_x_py_server Stopping 
[Krz_py_x_py_x_py_registrant exited with code 143
 Container rz_py_x_py_x_py_server Stopped 
[Krz_py_x_py_x_py_server exited with code 143
 Container rz_py_x_py_x_py_discoverer Stopping 
 Container rz_py_x_py_x_py_discoverer Stopped 
 Container rz_py_x_py_x_py_discoverer Removing 
 Container rz_py_x_py_x_py_discoverer Removed 
 Container rz_py_x_py_x_py_registrant Stopping 
 Container rz_py_x_py_x_py_registrant Stopped 
 Container rz_py_x_py_x_py_registrant Removing 
 Container rz_py_x_py_x_py_registrant Removed 
 Container rz_py_x_py_x_py_server Stopping 
 Container rz_py_x_py_x_py_server Stopped 
 Container rz_py_x_py_x_py_server Removing 
 Container rz_py_x_py_x_py_server Removed 
