 Container rz_go_x_py_x_py_server Creating 
 Container rz_go_x_py_x_py_server Created 
 Container rz_go_x_py_x_py_registrant Creating 
 Container rz_go_x_py_x_py_registrant Created 
 Container rz_go_x_py_x_py_discoverer Creating 
 Container rz_go_x_py_x_py_discoverer Created 
Attaching to rz_go_x_py_x_py_discoverer, rz_go_x_py_x_py_registrant, rz_go_x_py_x_py_server
 Container rz_go_x_py_x_py_server Starting 
 Container rz_go_x_py_x_py_server Started 
 Container rz_go_x_py_x_py_registrant Starting 
rz_go_x_py_x_py_server  | Node started | role=server addr=/ip4/172.18.0.3/tcp/45149/p2p/12D3KooWPe1HWbiGyii7yXfrg7kpGpKLbKxzbVy6RVHrJQDJkUhB
rz_go_x_py_x_py_server  | Rendezvous server ready at /ip4/172.18.0.3/tcp/45149/p2p/12D3KooWPe1HWbiGyii7yXfrg7kpGpKLbKxzbVy6RVHrJQDJkUhB
 Container rz_go_x_py_x_py_registrant Started 
 Container rz_go_x_py_x_py_discoverer Starting 
 Container rz_go_x_py_x_py_discoverer Started 
rz_go_x_py_x_py_registrant  | 2026-09-09 15:12:23,626 [INFO] [__main__] Node started in role 'registrant' at /ip4/172.18.0.4/tcp/38101/p2p/12D3KooWBypbCyd9GjJev4EzFSYHausMDLwQjqgEkaMuL6pen6MM
rz_go_x_py_x_py_discoverer  | 2026-09-09 15:12:23,671 [INFO] [__main__] Node started in role 'discoverer' at /ip4/172.18.0.5/tcp/35877/p2p/12D3KooWMTk7PVdzeayaWMbepadVN9C93FeJFjSTKbZEUxqUu62a
rz_go_x_py_x_py_registrant  | 2026-09-09 15:12:23,881 [INFO] [__main__] Registrant registered with TTL 300
rz_go_x_py_x_py_registrant  | 2026-09-09 15:12:23,881 [INFO] [__main__] Registrant waiting indefinitely for discoverer...
rz_go_x_py_x_py_discoverer  | 2026-09-09 15:12:24,437 [INFO] [__main__] Discoverer found 1 peer(s)
rz_go_x_py_x_py_discoverer  | 2026-09-09 15:12:24,692 [INFO] [__main__] Discoverer successfully pinged registrant peer!
rz_go_x_py_x_py_discoverer  | status: pass
[Krz_go_x_py_x_py_discoverer exited with code 0
 Compose Stopping Aborting on container exit...
 Container rz_go_x_py_x_py_discoverer Stopping 
 Container rz_go_x_py_x_py_discoverer Stopped 
 Container rz_go_x_py_x_py_registrant Stopping 
 Container rz_go_x_py_x_py_registrant Stopped 
 Container rz_go_x_py_x_py_server Stopping 
[Krz_go_x_py_x_py_registrant exited with code 143
 Container rz_go_x_py_x_py_server Stopped 
[Krz_go_x_py_x_py_server exited with code 0
 Container rz_go_x_py_x_py_discoverer Stopping 
 Container rz_go_x_py_x_py_discoverer Stopped 
 Container rz_go_x_py_x_py_discoverer Removing 
 Container rz_go_x_py_x_py_discoverer Removed 
 Container rz_go_x_py_x_py_registrant Stopping 
 Container rz_go_x_py_x_py_registrant Stopped 
 Container rz_go_x_py_x_py_registrant Removing 
 Container rz_go_x_py_x_py_registrant Removed 
 Container rz_go_x_py_x_py_server Stopping 
 Container rz_go_x_py_x_py_server Stopped 
 Container rz_go_x_py_x_py_server Removing 
 Container rz_go_x_py_x_py_server Removed 
