 Container rz_go_x_py_x_go_server Creating 
 Container rz_go_x_py_x_go_server Created 
 Container rz_go_x_py_x_go_registrant Creating 
 Container rz_go_x_py_x_go_registrant Created 
 Container rz_go_x_py_x_go_discoverer Creating 
 Container rz_go_x_py_x_go_discoverer Created 
Attaching to rz_go_x_py_x_go_discoverer, rz_go_x_py_x_go_registrant, rz_go_x_py_x_go_server
 Container rz_go_x_py_x_go_server Starting 
 Container rz_go_x_py_x_go_server Started 
 Container rz_go_x_py_x_go_registrant Starting 
 Container rz_go_x_py_x_go_registrant Started 
 Container rz_go_x_py_x_go_discoverer Starting 
 Container rz_go_x_py_x_go_discoverer Started 
rz_go_x_py_x_go_server  | Node started | role=server addr=/ip4/172.18.0.3/tcp/33149/p2p/Qmd3fD2PLyqevDBkFTk2n9nVpqwnMggcAYL8Fs35LEh3Ho
rz_go_x_py_x_go_server  | Rendezvous server ready at /ip4/172.18.0.3/tcp/33149/p2p/Qmd3fD2PLyqevDBkFTk2n9nVpqwnMggcAYL8Fs35LEh3Ho
rz_go_x_py_x_go_discoverer  | Node started | role=discoverer addr=/ip4/172.18.0.5/tcp/35371/p2p/QmRVkgFKRCs6LfXFbgqfwvoWz5Gkcjho3xE583X22MnCyM
rz_go_x_py_x_go_registrant  | 2026-09-09 14:38:50,690 [INFO] [__main__] Node started in role 'registrant' at /ip4/172.18.0.4/tcp/44101/p2p/12D3KooWFc7SEfBKTawh7osxHyacb4drw53CPJnPQaK8zMkVHD5f
rz_go_x_py_x_go_registrant  | Failed to open stream to peer Qmd3fD2PLyqevDBkFTk2n9nVpqwnMggcAYL8Fs35LEh3Ho:
rz_go_x_py_x_go_registrant  |   Error: protocols not supported: tried ['/ipfs/id/1.0.0'], timeout=10s. Last error: protocol not supported: /ipfs/id/1.0.0, response='na'
rz_go_x_py_x_go_registrant  |   Protocols: ['/ipfs/id/1.0.0']
rz_go_x_py_x_go_registrant  |   Timeout: 30s
rz_go_x_py_x_go_registrant  |   Connection: Yamux
rz_go_x_py_x_go_registrant  |   Connection State: established=True, handshake=False
rz_go_x_py_x_go_registrant  |   Registry Stats: None
rz_go_x_py_x_go_registrant  | Failed to open stream to peer Qmd3fD2PLyqevDBkFTk2n9nVpqwnMggcAYL8Fs35LEh3Ho:
rz_go_x_py_x_go_registrant  |   Error: protocols not supported: tried ['/ipfs/id/1.0.0'], timeout=10s. Last error: protocol not supported: /ipfs/id/1.0.0, response='na'
rz_go_x_py_x_go_registrant  |   Protocols: ['/ipfs/id/1.0.0']
rz_go_x_py_x_go_registrant  |   Timeout: 30s
rz_go_x_py_x_go_registrant  |   Connection: Yamux
rz_go_x_py_x_go_registrant  |   Connection State: established=True, handshake=False
rz_go_x_py_x_go_registrant  |   Registry Stats: None
rz_go_x_py_x_go_registrant  | 2026-09-09 14:38:50,949 [INFO] [__main__] Registrant registered with TTL 300
rz_go_x_py_x_go_registrant  | 2026-09-09 14:38:50,950 [INFO] [__main__] Registrant waiting indefinitely for discoverer...
rz_go_x_py_x_go_discoverer  | Discovered 1 peer(s)
rz_go_x_py_x_go_registrant  | Failed to open stream to peer QmRVkgFKRCs6LfXFbgqfwvoWz5Gkcjho3xE583X22MnCyM:
rz_go_x_py_x_go_registrant  |   Error: protocols not supported: tried ['/ipfs/id/1.0.0'], timeout=10s. Last error: protocol not supported: /ipfs/id/1.0.0, response='na'
rz_go_x_py_x_go_registrant  |   Protocols: ['/ipfs/id/1.0.0']
rz_go_x_py_x_go_registrant  |   Timeout: 30s
rz_go_x_py_x_go_registrant  |   Connection: Yamux
rz_go_x_py_x_go_registrant  |   Connection State: established=True, handshake=False
rz_go_x_py_x_go_registrant  |   Registry Stats: None
rz_go_x_py_x_go_discoverer  | status: pass
[Krz_go_x_py_x_go_discoverer exited with code 0
 Compose Stopping Aborting on container exit...
 Container rz_go_x_py_x_go_discoverer Stopping 
 Container rz_go_x_py_x_go_discoverer Stopped 
 Container rz_go_x_py_x_go_registrant Stopping 
 Container rz_go_x_py_x_go_registrant Stopped 
 Container rz_go_x_py_x_go_server Stopping 
[Krz_go_x_py_x_go_registrant exited with code 143
rz_go_x_py_x_go_server      | [0;37m14:38:51.176 [31mERROR [0;34m    swarm2: [0mswarm listener accept error: accept tcp4 172.18.0.3:33149: use of closed network connection [0;37mswarm_listen.go:79[0m
 Container rz_go_x_py_x_go_server Stopped 
[Krz_go_x_py_x_go_server exited with code 0
 Container rz_go_x_py_x_go_discoverer Stopping 
 Container rz_go_x_py_x_go_discoverer Stopped 
 Container rz_go_x_py_x_go_discoverer Removing 
 Container rz_go_x_py_x_go_discoverer Removed 
 Container rz_go_x_py_x_go_registrant Stopping 
 Container rz_go_x_py_x_go_registrant Stopped 
 Container rz_go_x_py_x_go_registrant Removing 
 Container rz_go_x_py_x_go_registrant Removed 
 Container rz_go_x_py_x_go_server Stopping 
 Container rz_go_x_py_x_go_server Stopped 
 Container rz_go_x_py_x_go_server Removing 
 Container rz_go_x_py_x_go_server Removed 
