 Container rz_py_x_go_x_go_server Creating 
 Container rz_py_x_go_x_go_server Created 
 Container rz_py_x_go_x_go_registrant Creating 
 Container rz_py_x_go_x_go_registrant Created 
 Container rz_py_x_go_x_go_discoverer Creating 
 Container rz_py_x_go_x_go_discoverer Created 
Attaching to rz_py_x_go_x_go_discoverer, rz_py_x_go_x_go_registrant, rz_py_x_go_x_go_server
 Container rz_py_x_go_x_go_server Starting 
 Container rz_py_x_go_x_go_server Started 
 Container rz_py_x_go_x_go_registrant Starting 
 Container rz_py_x_go_x_go_registrant Started 
 Container rz_py_x_go_x_go_discoverer Starting 
 Container rz_py_x_go_x_go_discoverer Started 
rz_py_x_go_x_go_registrant  | Node started | role=registrant addr=/ip4/172.18.0.4/tcp/40617/p2p/QmbVncN5XVyNwMW85uaJPdfH3QacQSm6o7rqpDEzFptjnK
rz_py_x_go_x_go_discoverer  | Node started | role=discoverer addr=/ip4/172.18.0.5/tcp/36259/p2p/QmeV4N1M7wGGCkbYcz5proJBTkYfcf5GP2rfVHU4MDqimF
rz_py_x_go_x_go_server      | 2026-09-09 14:38:53,957 [INFO] [__main__] Node started in role 'server' at /ip4/172.18.0.3/tcp/39801/p2p/12D3KooWATUm4UbQNv353CawoYcfKgNzq679p2LD9cpKtJoFTZsU
rz_py_x_go_x_go_server      | 2026-09-09 14:38:53,958 [INFO] [__main__] Rendezvous server waiting indefinitely...
rz_py_x_go_x_go_registrant  | Registered in namespace "rendezvous-ns-c4bae73d" with TTL 5m0s
rz_py_x_go_x_go_server      | Failed to open stream to peer QmbVncN5XVyNwMW85uaJPdfH3QacQSm6o7rqpDEzFptjnK:
rz_py_x_go_x_go_server      |   Error: protocols not supported: tried ['/ipfs/id/1.0.0'], timeout=10s. Last error: protocol not supported: /ipfs/id/1.0.0, response='na'
rz_py_x_go_x_go_server      |   Protocols: ['/ipfs/id/1.0.0']
rz_py_x_go_x_go_server      |   Timeout: 30s
rz_py_x_go_x_go_server      |   Connection: Yamux
rz_py_x_go_x_go_server      |   Connection State: established=True, handshake=False
rz_py_x_go_x_go_server      |   Registry Stats: None
rz_py_x_go_x_go_server      | Error handling stream from QmbVncN5XVyNwMW85uaJPdfH3QacQSm6o7rqpDEzFptjnK: 
rz_py_x_go_x_go_registrant  | Registrant waiting for discoverer...
rz_py_x_go_x_go_server      | Failed to open stream to peer QmeV4N1M7wGGCkbYcz5proJBTkYfcf5GP2rfVHU4MDqimF:
rz_py_x_go_x_go_server      |   Error: protocols not supported: tried ['/ipfs/id/1.0.0'], timeout=10s. Last error: protocol not supported: /ipfs/id/1.0.0, response='na'
rz_py_x_go_x_go_server      |   Protocols: ['/ipfs/id/1.0.0']
rz_py_x_go_x_go_server      |   Timeout: 30s
rz_py_x_go_x_go_server      |   Connection: Yamux
rz_py_x_go_x_go_server      |   Connection State: established=True, handshake=False
rz_py_x_go_x_go_server      |   Registry Stats: None
rz_py_x_go_x_go_discoverer  | Discovered 1 peer(s)
rz_py_x_go_x_go_server      | Error handling stream from QmeV4N1M7wGGCkbYcz5proJBTkYfcf5GP2rfVHU4MDqimF: 
rz_py_x_go_x_go_discoverer  | status: pass
[Krz_py_x_go_x_go_discoverer exited with code 0
 Compose Stopping Aborting on container exit...
 Container rz_py_x_go_x_go_discoverer Stopping 
 Container rz_py_x_go_x_go_discoverer Stopped 
 Container rz_py_x_go_x_go_registrant Stopping 
rz_py_x_go_x_go_registrant  | [0;37m14:38:54.547 [31mERROR [0;34m    swarm2: [0mswarm listener accept error: accept tcp4 172.18.0.4:40617: use of closed network connection [0;37mswarm_listen.go:79[0m
 Container rz_py_x_go_x_go_registrant Stopped 
 Container rz_py_x_go_x_go_server Stopping 
[Krz_py_x_go_x_go_registrant exited with code 0
 Container rz_py_x_go_x_go_server Stopped 
[Krz_py_x_go_x_go_server exited with code 143
 Container rz_py_x_go_x_go_discoverer Stopping 
 Container rz_py_x_go_x_go_discoverer Stopped 
 Container rz_py_x_go_x_go_discoverer Removing 
 Container rz_py_x_go_x_go_discoverer Removed 
 Container rz_py_x_go_x_go_registrant Stopping 
 Container rz_py_x_go_x_go_registrant Stopped 
 Container rz_py_x_go_x_go_registrant Removing 
 Container rz_py_x_go_x_go_registrant Removed 
 Container rz_py_x_go_x_go_server Stopping 
 Container rz_py_x_go_x_go_server Stopped 
 Container rz_py_x_go_x_go_server Removing 
 Container rz_py_x_go_x_go_server Removed 
