 Container rz_go_x_py_x_go_server Creating 
 Container rz_go_x_py_x_go_server Created 
 Container rz_go_x_py_x_go_registrant Creating 
 Container rz_go_x_py_x_go_registrant Created 
 Container rz_go_x_py_x_go_discoverer Creating 
 Container rz_go_x_py_x_go_discoverer Created 
Attaching to rz_go_x_py_x_go_discoverer, rz_go_x_py_x_go_registrant, rz_go_x_py_x_go_server
 Container rz_go_x_py_x_go_server Starting 
 Container rz_go_x_py_x_go_server Started 
 Container rz_go_x_py_x_go_registrant Starting 
rz_go_x_py_x_go_server  | Node started | role=server addr=/ip4/172.20.0.3/tcp/43803/p2p/12D3KooWGMMhPtNqSvzAndxMCWKbK8yRApZZDuVX4guxeASx6MAd
rz_go_x_py_x_go_server  | Rendezvous server ready at /ip4/172.20.0.3/tcp/43803/p2p/12D3KooWGMMhPtNqSvzAndxMCWKbK8yRApZZDuVX4guxeASx6MAd
 Container rz_go_x_py_x_go_registrant Started 
 Container rz_go_x_py_x_go_discoverer Starting 
 Container rz_go_x_py_x_go_discoverer Started 
rz_go_x_py_x_go_discoverer  | Node started | role=discoverer addr=/ip4/172.20.0.5/tcp/38539/p2p/12D3KooWSRCByEc58ExDM15MCHFyXSziPMFEiWZceP1UVmD4Trhn
rz_go_x_py_x_go_registrant  | 2026-09-12 21:04:01,421 INFO: Node started in role 'registrant' at /ip4/172.20.0.4/tcp/35145/p2p/12D3KooWHgd2NcKCA5fihSyo2pr7MV6o6mdhCmwmhJmzg15p7dmc
rz_go_x_py_x_go_registrant  | 2026-09-12 21:04:01,681 INFO: Registrant registered with TTL 300
rz_go_x_py_x_go_registrant  | 2026-09-12 21:04:01,682 INFO: Registrant waiting indefinitely for discoverer...
rz_go_x_py_x_go_discoverer  | Discovered 1 peer(s)
rz_go_x_py_x_go_discoverer  | status: pass
[Krz_go_x_py_x_go_discoverer exited with code 0
 Compose Stopping Aborting on container exit...
 Container rz_go_x_py_x_go_discoverer Stopping 
 Container rz_go_x_py_x_go_discoverer Stopped 
 Container rz_go_x_py_x_go_registrant Stopping 
 Container rz_go_x_py_x_go_registrant Stopped 
 Container rz_go_x_py_x_go_server Stopping 
[Krz_go_x_py_x_go_registrant exited with code 143
 Container rz_go_x_py_x_go_server Stopped 
[Krz_go_x_py_x_go_server exited with code 0
 Container rz_go_x_py_x_go_discoverer Stopping 
 Container rz_go_x_py_x_go_discoverer Stopped 
 Container rz_go_x_py_x_go_discoverer Removing 
 Container rz_go_x_py_x_go_discoverer Removed 
 Container rz_go_x_py_x_go_registrant Stopping 
 Container rz_go_x_py_x_go_registrant Stopped 
 Container rz_go_x_py_x_go_registrant Removing 
 Container rz_go_x_py_x_go_registrant Removed 
 Container rz_go_x_py_x_go_server Stopping 
 Container rz_go_x_py_x_go_server Stopped 
 Container rz_go_x_py_x_go_server Removing 
 Container rz_go_x_py_x_go_server Removed 
