 Container rz_go_x_py_x_py_server Creating 
 Container rz_go_x_py_x_py_server Created 
 Container rz_go_x_py_x_py_registrant Creating 
 Container rz_go_x_py_x_py_registrant Created 
 Container rz_go_x_py_x_py_discoverer Creating 
 Container rz_go_x_py_x_py_discoverer Created 
Attaching to rz_go_x_py_x_py_discoverer, rz_go_x_py_x_py_registrant, rz_go_x_py_x_py_server
 Container rz_go_x_py_x_py_server Starting 
 Container rz_go_x_py_x_py_server Started 
 Container rz_go_x_py_x_py_registrant Starting 
rz_go_x_py_x_py_server  | Node started | role=server addr=/ip4/172.20.0.3/tcp/40097/p2p/12D3KooWDQUPK7tJv47KnMMp95oY9XEZTSFUbU2SPoaoAsm6kpwv
rz_go_x_py_x_py_server  | Rendezvous server ready at /ip4/172.20.0.3/tcp/40097/p2p/12D3KooWDQUPK7tJv47KnMMp95oY9XEZTSFUbU2SPoaoAsm6kpwv
 Container rz_go_x_py_x_py_registrant Started 
 Container rz_go_x_py_x_py_discoverer Starting 
 Container rz_go_x_py_x_py_discoverer Started 
rz_go_x_py_x_py_registrant  | 2026-09-12 21:04:03,465 INFO: Node started in role 'registrant' at /ip4/172.20.0.4/tcp/42919/p2p/12D3KooWPunsdkzN2bVtWA55FWkK2Cv2j158EWrXE7cxPTrhYsmW
rz_go_x_py_x_py_discoverer  | 2026-09-12 21:04:03,559 INFO: Node started in role 'discoverer' at /ip4/172.20.0.5/tcp/35185/p2p/12D3KooWRjfVXwsptGjWJNXzk7pT1apMAFBE7LjMC1rk8eTF8WJx
rz_go_x_py_x_py_registrant  | 2026-09-12 21:04:03,721 INFO: Registrant registered with TTL 300
rz_go_x_py_x_py_registrant  | 2026-09-12 21:04:03,722 INFO: Registrant waiting indefinitely for discoverer...
rz_go_x_py_x_py_discoverer  | 2026-09-12 21:04:04,333 INFO: Discoverer found 1 peer(s)
rz_go_x_py_x_py_discoverer  | status: pass
rz_go_x_py_x_py_discoverer  | 2026-09-12 21:04:04,587 INFO: Discoverer successfully pinged registrant peer!
[Krz_go_x_py_x_py_discoverer exited with code 0
 Compose Stopping Aborting on container exit...
 Container rz_go_x_py_x_py_discoverer Stopping 
 Container rz_go_x_py_x_py_discoverer Stopped 
 Container rz_go_x_py_x_py_registrant Stopping 
 Container rz_go_x_py_x_py_registrant Stopped 
 Container rz_go_x_py_x_py_server Stopping 
[Krz_go_x_py_x_py_registrant exited with code 143
 Container rz_go_x_py_x_py_server Stopped 
[Krz_go_x_py_x_py_server exited with code 0
 Container rz_go_x_py_x_py_discoverer Stopping 
 Container rz_go_x_py_x_py_discoverer Stopped 
 Container rz_go_x_py_x_py_discoverer Removing 
 Container rz_go_x_py_x_py_discoverer Removed 
 Container rz_go_x_py_x_py_registrant Stopping 
 Container rz_go_x_py_x_py_registrant Stopped 
 Container rz_go_x_py_x_py_registrant Removing 
 Container rz_go_x_py_x_py_registrant Removed 
 Container rz_go_x_py_x_py_server Stopping 
 Container rz_go_x_py_x_py_server Stopped 
 Container rz_go_x_py_x_py_server Removing 
 Container rz_go_x_py_x_py_server Removed 
