 Container rz_go_x_go_x_go_server Creating 
 Container rz_go_x_go_x_go_server Created 
 Container rz_go_x_go_x_go_registrant Creating 
 Container rz_go_x_go_x_go_registrant Created 
 Container rz_go_x_go_x_go_discoverer Creating 
 Container rz_go_x_go_x_go_discoverer Created 
Attaching to rz_go_x_go_x_go_discoverer, rz_go_x_go_x_go_registrant, rz_go_x_go_x_go_server
 Container rz_go_x_go_x_go_server Starting 
 Container rz_go_x_go_x_go_server Started 
 Container rz_go_x_go_x_go_registrant Starting 
rz_go_x_go_x_go_server  | Node started | role=server addr=/ip4/172.20.0.3/tcp/41273/p2p/12D3KooWKyZNT7JumLRYV131YiXm73KDqhUF2kk3KHzNnZ5VqTGX
rz_go_x_go_x_go_server  | Rendezvous server ready at /ip4/172.20.0.3/tcp/41273/p2p/12D3KooWKyZNT7JumLRYV131YiXm73KDqhUF2kk3KHzNnZ5VqTGX
 Container rz_go_x_go_x_go_registrant Started 
 Container rz_go_x_go_x_go_discoverer Starting 
rz_go_x_go_x_go_registrant  | Node started | role=registrant addr=/ip4/172.20.0.4/tcp/40415/p2p/12D3KooWNX3DDPGvAWWt6hijMCsdKnb2kFuE46P17KzxP688cLkv
rz_go_x_go_x_go_registrant  | Registered in namespace "rendezvous-ns-efc365ae" with TTL 5m0s
rz_go_x_go_x_go_registrant  | Registrant waiting for discoverer...
 Container rz_go_x_go_x_go_discoverer Started 
rz_go_x_go_x_go_discoverer  | Node started | role=discoverer addr=/ip4/172.20.0.5/tcp/34063/p2p/12D3KooWQgeJhKaKT1eJjMBf1gJ6qXKwuNedQAUztPFNfJ8k5xmk
rz_go_x_go_x_go_discoverer  | Discovered 1 peer(s)
rz_go_x_go_x_go_discoverer  | status: pass
[Krz_go_x_go_x_go_discoverer exited with code 0
 Compose Stopping Aborting on container exit...
 Container rz_go_x_go_x_go_discoverer Stopping 
 Container rz_go_x_go_x_go_discoverer Stopped 
 Container rz_go_x_go_x_go_registrant Stopping 
 Container rz_go_x_go_x_go_registrant Stopped 
 Container rz_go_x_go_x_go_server Stopping 
[Krz_go_x_go_x_go_registrant exited with code 0
 Container rz_go_x_go_x_go_server Stopped 
[Krz_go_x_go_x_go_server exited with code 0
 Container rz_go_x_go_x_go_discoverer Stopping 
 Container rz_go_x_go_x_go_discoverer Stopped 
 Container rz_go_x_go_x_go_discoverer Removing 
 Container rz_go_x_go_x_go_discoverer Removed 
 Container rz_go_x_go_x_go_registrant Stopping 
 Container rz_go_x_go_x_go_registrant Stopped 
 Container rz_go_x_go_x_go_registrant Removing 
 Container rz_go_x_go_x_go_registrant Removed 
 Container rz_go_x_go_x_go_server Stopping 
 Container rz_go_x_go_x_go_server Stopped 
 Container rz_go_x_go_x_go_server Removing 
 Container rz_go_x_go_x_go_server Removed 
