 Container rz_py_x_go_x_py_server Creating 
 Container rz_py_x_go_x_py_server Created 
 Container rz_py_x_go_x_py_registrant Creating 
 Container rz_py_x_go_x_py_registrant Created 
 Container rz_py_x_go_x_py_discoverer Creating 
 Container rz_py_x_go_x_py_discoverer Created 
Attaching to rz_py_x_go_x_py_discoverer, rz_py_x_go_x_py_registrant, rz_py_x_go_x_py_server
 Container rz_py_x_go_x_py_server Starting 
 Container rz_py_x_go_x_py_server Started 
 Container rz_py_x_go_x_py_registrant Starting 
 Container rz_py_x_go_x_py_registrant Started 
 Container rz_py_x_go_x_py_discoverer Starting 
rz_py_x_go_x_py_registrant  | Node started | role=registrant addr=/ip4/172.20.0.4/tcp/34013/p2p/12D3KooWPyer42UYk5mSmgDGcZBehD6Be4a6J8FKeW4LTq6e2khn
 Container rz_py_x_go_x_py_discoverer Started 
rz_py_x_go_x_py_server      | 2026-09-12 21:04:07,099 INFO: Node started in role 'server' at /ip4/172.20.0.3/tcp/36753/p2p/12D3KooWCK1RG9hbTnNKEqQt9vohvynMhrGtctoQhSQ8ydnQuZtk
rz_py_x_go_x_py_server      | 2026-09-12 21:04:07,103 INFO: Rendezvous server waiting indefinitely...
rz_py_x_go_x_py_discoverer  | 2026-09-12 21:04:07,206 INFO: Node started in role 'discoverer' at /ip4/172.20.0.5/tcp/45409/p2p/12D3KooWHLSMBPMnFG7YuRDoo6rfpRL32qRxxNwTqFtn2yXVvGvB
rz_py_x_go_x_py_registrant  | Registered in namespace "rendezvous-ns-33da6f53" with TTL 5m0s
rz_py_x_go_x_py_server      | Error handling stream from 12D3KooWPyer42UYk5mSmgDGcZBehD6Be4a6J8FKeW4LTq6e2khn: 
rz_py_x_go_x_py_registrant  | Registrant waiting for discoverer...
rz_py_x_go_x_py_discoverer  | 2026-09-12 21:04:07,973 INFO: Discoverer found 1 peer(s)
rz_py_x_go_x_py_server      | Error handling stream from 12D3KooWHLSMBPMnFG7YuRDoo6rfpRL32qRxxNwTqFtn2yXVvGvB: 
rz_py_x_go_x_py_discoverer  | 2026-09-12 21:04:08,231 INFO: Discoverer successfully pinged registrant peer!
rz_py_x_go_x_py_discoverer  | status: pass
[Krz_py_x_go_x_py_discoverer exited with code 0
 Compose Stopping Aborting on container exit...
 Container rz_py_x_go_x_py_discoverer Stopping 
 Container rz_py_x_go_x_py_discoverer Stopped 
 Container rz_py_x_go_x_py_registrant Stopping 
 Container rz_py_x_go_x_py_registrant Stopped 
 Container rz_py_x_go_x_py_server Stopping 
[Krz_py_x_go_x_py_registrant exited with code 0
 Container rz_py_x_go_x_py_server Stopped 
[Krz_py_x_go_x_py_server exited with code 143
 Container rz_py_x_go_x_py_discoverer Stopping 
 Container rz_py_x_go_x_py_discoverer Stopped 
 Container rz_py_x_go_x_py_discoverer Removing 
 Container rz_py_x_go_x_py_discoverer Removed 
 Container rz_py_x_go_x_py_registrant Stopping 
 Container rz_py_x_go_x_py_registrant Stopped 
 Container rz_py_x_go_x_py_registrant Removing 
 Container rz_py_x_go_x_py_registrant Removed 
 Container rz_py_x_go_x_py_server Stopping 
 Container rz_py_x_go_x_py_server Stopped 
 Container rz_py_x_go_x_py_server Removing 
 Container rz_py_x_go_x_py_server Removed 
