 Container rz_go_x_py_x_py_server Creating 
 Container rz_go_x_py_x_py_server Created 
 Container rz_go_x_py_x_py_registrant Creating 
 Container rz_go_x_py_x_py_registrant Created 
 Container rz_go_x_py_x_py_discoverer Creating 
 Container rz_go_x_py_x_py_discoverer Created 
Attaching to rz_go_x_py_x_py_discoverer, rz_go_x_py_x_py_registrant, rz_go_x_py_x_py_server
 Container rz_go_x_py_x_py_server Starting 
 Container rz_go_x_py_x_py_server Started 
 Container rz_go_x_py_x_py_registrant Starting 
 Container rz_go_x_py_x_py_registrant Started 
 Container rz_go_x_py_x_py_discoverer Starting 
 Container rz_go_x_py_x_py_discoverer Started 
rz_go_x_py_x_py_server  | Node started | role=server addr=/ip4/172.18.0.3/tcp/39991/p2p/QmduxaU1LyoVkQ8dVmah2nN7TeLTwzDvYuw5RopQiJF1qk
rz_go_x_py_x_py_server  | Rendezvous server ready at /ip4/172.18.0.3/tcp/39991/p2p/QmduxaU1LyoVkQ8dVmah2nN7TeLTwzDvYuw5RopQiJF1qk
rz_go_x_py_x_py_registrant  | 2026-09-09 14:12:03,166 [INFO] [__main__] Node started in role 'registrant' at /ip4/172.18.0.4/tcp/46435/p2p/12D3KooWKB1zBs52M3rXefEaRYXRBBUuayahxG5Jjvdk9pJiJJyE
rz_go_x_py_x_py_registrant  | Failed to open stream to peer QmduxaU1LyoVkQ8dVmah2nN7TeLTwzDvYuw5RopQiJF1qk:
rz_go_x_py_x_py_registrant  |   Error: protocols not supported: tried ['/ipfs/id/1.0.0'], timeout=10s. Last error: protocol not supported: /ipfs/id/1.0.0, response='na'
rz_go_x_py_x_py_registrant  |   Protocols: ['/ipfs/id/1.0.0']
rz_go_x_py_x_py_registrant  |   Timeout: 30s
rz_go_x_py_x_py_registrant  |   Connection: Yamux
rz_go_x_py_x_py_registrant  |   Connection State: established=True, handshake=False
rz_go_x_py_x_py_registrant  |   Registry Stats: None
rz_go_x_py_x_py_discoverer  | 2026-09-09 14:12:03,204 [INFO] [__main__] Node started in role 'discoverer' at /ip4/172.18.0.5/tcp/39235/p2p/12D3KooWDxvP2orT7w4HuZ43eq5LtwDvUnUrUSq3YsSX9skpWgsY
rz_go_x_py_x_py_registrant  | Failed to open stream to peer QmduxaU1LyoVkQ8dVmah2nN7TeLTwzDvYuw5RopQiJF1qk:
rz_go_x_py_x_py_registrant  |   Error: protocols not supported: tried ['/ipfs/id/1.0.0'], timeout=10s. Last error: protocol not supported: /ipfs/id/1.0.0, response='na'
rz_go_x_py_x_py_registrant  |   Protocols: ['/ipfs/id/1.0.0']
rz_go_x_py_x_py_registrant  |   Timeout: 30s
rz_go_x_py_x_py_registrant  |   Connection: Yamux
rz_go_x_py_x_py_registrant  |   Connection State: established=True, handshake=False
rz_go_x_py_x_py_registrant  |   Registry Stats: None
rz_go_x_py_x_py_registrant  | 2026-09-09 14:12:03,425 [INFO] [__main__] Registrant registered with TTL 300
rz_go_x_py_x_py_registrant  | 2026-09-09 14:12:03,426 [INFO] [__main__] Registrant waiting indefinitely for discoverer...
rz_go_x_py_x_py_discoverer  | Failed to open stream to peer QmduxaU1LyoVkQ8dVmah2nN7TeLTwzDvYuw5RopQiJF1qk:
rz_go_x_py_x_py_discoverer  |   Error: protocols not supported: tried ['/ipfs/id/1.0.0'], timeout=10s. Last error: protocol not supported: /ipfs/id/1.0.0, response='na'
rz_go_x_py_x_py_discoverer  |   Protocols: ['/ipfs/id/1.0.0']
rz_go_x_py_x_py_discoverer  |   Timeout: 30s
rz_go_x_py_x_py_discoverer  |   Connection: Yamux
rz_go_x_py_x_py_discoverer  |   Connection State: established=True, handshake=False
rz_go_x_py_x_py_discoverer  |   Registry Stats: None
rz_go_x_py_x_py_discoverer  | Failed to open stream to peer QmduxaU1LyoVkQ8dVmah2nN7TeLTwzDvYuw5RopQiJF1qk:
rz_go_x_py_x_py_discoverer  |   Error: protocols not supported: tried ['/ipfs/id/1.0.0'], timeout=10s. Last error: protocol not supported: /ipfs/id/1.0.0, response='na'
rz_go_x_py_x_py_discoverer  |   Protocols: ['/ipfs/id/1.0.0']
rz_go_x_py_x_py_discoverer  |   Timeout: 30s
rz_go_x_py_x_py_discoverer  |   Connection: Yamux
rz_go_x_py_x_py_discoverer  |   Connection State: established=True, handshake=False
rz_go_x_py_x_py_discoverer  |   Registry Stats: None
rz_go_x_py_x_py_discoverer  | 2026-09-09 14:12:03,971 [INFO] [__main__] Discoverer found 1 peer(s)
rz_go_x_py_x_py_discoverer  | 2026-09-09 14:12:04,227 [INFO] [__main__] Discoverer successfully pinged registrant peer!
rz_go_x_py_x_py_discoverer  | status: pass
[Krz_go_x_py_x_py_discoverer exited with code 0
 Compose Stopping Aborting on container exit...
 Container rz_go_x_py_x_py_discoverer Stopping 
 Container rz_go_x_py_x_py_discoverer Stopped 
 Container rz_go_x_py_x_py_registrant Stopping 
 Container rz_go_x_py_x_py_registrant Stopped 
 Container rz_go_x_py_x_py_server Stopping 
[Krz_go_x_py_x_py_registrant exited with code 143
 Container rz_go_x_py_x_py_server Stopped 
[Krz_go_x_py_x_py_server exited with code 0
 Container rz_go_x_py_x_py_discoverer Stopping 
 Container rz_go_x_py_x_py_discoverer Stopped 
 Container rz_go_x_py_x_py_discoverer Removing 
 Container rz_go_x_py_x_py_discoverer Removed 
 Container rz_go_x_py_x_py_registrant Stopping 
 Container rz_go_x_py_x_py_registrant Stopped 
 Container rz_go_x_py_x_py_registrant Removing 
 Container rz_go_x_py_x_py_registrant Removed 
 Container rz_go_x_py_x_py_server Stopping 
 Container rz_go_x_py_x_py_server Stopped 
 Container rz_go_x_py_x_py_server Removing 
 Container rz_go_x_py_x_py_server Removed 
