 Container an_go_x_py_server Creating 
 Container an_go_x_py_server Created 
 Container an_go_x_py_client Creating 
 Container an_go_x_py_client Created 
Attaching to an_go_x_py_client, an_go_x_py_server
 Container an_go_x_py_server Starting 
 Container an_go_x_py_server Started 
 Container an_go_x_py_client Starting 
an_go_x_py_server  | Node started | role=server addr=/ip4/172.18.0.3/tcp/44655/p2p/12D3KooWPskUBgt387EoXEGPKYP9E32Q8E5rosPdmLCpm86snp8T
an_go_x_py_server  | AutoNAT server ready at /ip4/172.18.0.3/tcp/44655/p2p/12D3KooWPskUBgt387EoXEGPKYP9E32Q8E5rosPdmLCpm86snp8T
 Container an_go_x_py_client Started 
an_go_x_py_client  | 2026-09-13 09:02:53,972 INFO: Connected to AutoNAT server 12D3KooWPskUBgt387EoXEGPKYP9E32Q8E5rosPdmLCpm86snp8T
an_go_x_py_client  | error: Exceptions from Trio nursery (1 sub-exception)
an_go_x_py_client  | 2026-09-13 09:02:53,973 ERROR: Test failed: Exceptions from Trio nursery (1 sub-exception)
an_go_x_py_client  |   + Exception Group Traceback (most recent call last):
an_go_x_py_client  |   |   File "/app/node.py", line 148, in amain
an_go_x_py_client  |   |     return await run_client(r, test_key, container_ip)
an_go_x_py_client  |   |            ^^^^^^^^^^^^^^^^^^^^^^^^^^^^^^^^^^^^^^^^^^^
an_go_x_py_client  |   |   File "/app/node.py", line 64, in run_client
an_go_x_py_client  |   |     async with host.run(listen_addrs=[Multiaddr(f"/ip4/{container_ip}/tcp/0")]):
an_go_x_py_client  |   |                ^^^^^^^^^^^^^^^^^^^^^^^^^^^^^^^^^^^^^^^^^^^^^^^^^^^^^^^^^^^^^^^^
an_go_x_py_client  |   |   File "/usr/local/lib/python3.12/contextlib.py", line 231, in __aexit__
an_go_x_py_client  |   |     await self.gen.athrow(value)
an_go_x_py_client  |   |   File "/usr/local/lib/python3.12/site-packages/libp2p/host/basic_host.py", line 579, in _run
an_go_x_py_client  |   |     async with background_trio_service(network):
an_go_x_py_client  |   |                ^^^^^^^^^^^^^^^^^^^^^^^^^^^^^^^^
an_go_x_py_client  |   |   File "/usr/local/lib/python3.12/contextlib.py", line 231, in __aexit__
an_go_x_py_client  |   |     await self.gen.athrow(value)
an_go_x_py_client  |   |   File "/usr/local/lib/python3.12/site-packages/libp2p/tools/anyio_service/context.py", line 37, in background_trio_service
an_go_x_py_client  |   |     async with trio.open_nursery() as nursery:
an_go_x_py_client  |   |                ^^^^^^^^^^^^^^^^^^^
an_go_x_py_client  |   |   File "/usr/local/lib/python3.12/site-packages/trio/_core/_run.py", line 1117, in __aexit__
an_go_x_py_client  |   |     raise combined_error_from_nursery
an_go_x_py_client  |   | ExceptionGroup: Exceptions from Trio nursery (1 sub-exception)
an_go_x_py_client  |   +-+---------------- 1 ----------------
an_go_x_py_client  |     | Exception Group Traceback (most recent call last):
an_go_x_py_client  |     |   File "/usr/local/lib/python3.12/site-packages/libp2p/tools/anyio_service/context.py", line 45, in background_trio_service
an_go_x_py_client  |     |     yield manager
an_go_x_py_client  |     |   File "/usr/local/lib/python3.12/site-packages/libp2p/host/basic_host.py", line 595, in _run
an_go_x_py_client  |     |     async with trio.open_nursery() as nursery:
an_go_x_py_client  |     |                ^^^^^^^^^^^^^^^^^^^
an_go_x_py_client  |     |   File "/usr/local/lib/python3.12/site-packages/trio/_core/_run.py", line 1117, in __aexit__
an_go_x_py_client  |     |     raise combined_error_from_nursery
an_go_x_py_client  |     | ExceptionGroup: Exceptions from Trio nursery (1 sub-exception)
an_go_x_py_client  |     +-+---------------- 1 ----------------
an_go_x_py_client  |       | Traceback (most recent call last):
an_go_x_py_client  |       |   File "/usr/local/lib/python3.12/site-packages/libp2p/host/basic_host.py", line 597, in _run
an_go_x_py_client  |       |     yield
an_go_x_py_client  |       |   File "/app/node.py", line 86, in run_client
an_go_x_py_client  |       |     request.type = Message.DIAL
an_go_x_py_client  |       |                    ^^^^^^^^^^^^
an_go_x_py_client  |       | AttributeError: DIAL
an_go_x_py_client  |       +------------------------------------
[Kan_go_x_py_client exited with code 1
 Compose Stopping Aborting on container exit...
 Container an_go_x_py_client Stopping 
 Container an_go_x_py_client Stopped 
 Container an_go_x_py_server Stopping 
 Container an_go_x_py_server Stopped 
[Kan_go_x_py_server exited with code 0

 Container an_go_x_py_client Stopping 
 Container an_go_x_py_client Stopped 
 Container an_go_x_py_client Removing 
 Container an_go_x_py_client Removed 
 Container an_go_x_py_server Stopping 
 Container an_go_x_py_server Stopped 
 Container an_go_x_py_server Removing 
 Container an_go_x_py_server Removed 
