 Container an_py_x_go_server Creating 
 Container an_py_x_go_server Created 
 Container an_py_x_go_client Creating 
 Container an_py_x_go_client Created 
Attaching to an_py_x_go_client, an_py_x_go_server
 Container an_py_x_go_server Starting 
 Container an_py_x_go_server Started 
 Container an_py_x_go_client Starting 
 Container an_py_x_go_client Started 
an_py_x_go_client  | Node started | role=client addr=/ip4/172.18.0.4/tcp/41491/p2p/12D3KooWHyo1F29azzpJjqHRkbgbopeFrpUqKyAQs3gYi6aaoehh
an_py_x_go_server  | 2026-09-13 09:02:54,842 INFO: AutoNAT server ready at /ip4/172.18.0.3/tcp/34845/p2p/12D3KooWNCrqjSpgJG1ai2NXB4cV2mGjnizC2p5Nvtk3UGRgqB7Y
an_py_x_go_client  | verdict: 0
an_py_x_go_client  | status: pass
[Kan_py_x_go_client exited with code 0
 Compose Stopping Aborting on container exit...
 Container an_py_x_go_client Stopping 
 Container an_py_x_go_client Stopped 
 Container an_py_x_go_server Stopping 
 Container an_py_x_go_server Stopped 
[Kan_py_x_go_server exited with code 143
 Container an_py_x_go_client Stopping 
 Container an_py_x_go_client Stopped 
 Container an_py_x_go_client Removing 
 Container an_py_x_go_client Removed 
 Container an_py_x_go_server Stopping 
 Container an_py_x_go_server Stopped 
 Container an_py_x_go_server Removing 
 Container an_py_x_go_server Removed 
