 Container rz_go_x_py_x_go_server Creating 
 Container rz_go_x_py_x_go_server Created 
 Container rz_go_x_py_x_go_registrant Creating 
 Container rz_go_x_py_x_go_registrant Created 
 Container rz_go_x_py_x_go_discoverer Creating 
 Container rz_go_x_py_x_go_discoverer Created 
Attaching to rz_go_x_py_x_go_discoverer, rz_go_x_py_x_go_registrant, rz_go_x_py_x_go_server
 Container rz_go_x_py_x_go_server Starting 
 Container rz_go_x_py_x_go_server Started 
 Container rz_go_x_py_x_go_registrant Starting 
 Container rz_go_x_py_x_go_registrant Started 
 Container rz_go_x_py_x_go_discoverer Starting 
 Container rz_go_x_py_x_go_discoverer Started 
rz_go_x_py_x_go_discoverer  | Node started in role 'discoverer' at /ip4/172.18.0.5/tcp/46279/p2p/QmSdSZH6WrdaMNu17zbPpoqQc8gnyadyaPhVrJj5PfVhVQ
rz_go_x_py_x_go_server      | Node started in role 'server' at /ip4/172.18.0.3/tcp/35947/p2p/QmaUosrM5GmsPjAz5er1WmQRBGVwjW1UELQ67yHJ1z3uNz
rz_go_x_py_x_go_server      | Rendezvous server waiting indefinitely...
rz_go_x_py_x_go_registrant  | 2026-09-08 19:54:47,788 [INFO] [__main__] Node started in role 'registrant' at /ip4/172.18.0.4/tcp/42991/p2p/12D3KooWQUtFGYGE1xeqoav5mhsnJ5VG8GdtixopDDASLD1b6Njt
rz_go_x_py_x_go_registrant  | Failed to open stream to peer QmaUosrM5GmsPjAz5er1WmQRBGVwjW1UELQ67yHJ1z3uNz:
rz_go_x_py_x_go_registrant  |   Error: protocols not supported: tried ['/ipfs/id/1.0.0'], timeout=10s. Last error: protocol not supported: /ipfs/id/1.0.0, response='na'
rz_go_x_py_x_go_registrant  |   Protocols: ['/ipfs/id/1.0.0']
rz_go_x_py_x_go_registrant  |   Timeout: 30s
rz_go_x_py_x_go_registrant  |   Connection: Yamux
rz_go_x_py_x_go_registrant  |   Connection State: established=True, handshake=False
rz_go_x_py_x_go_registrant  |   Registry Stats: None
rz_go_x_py_x_go_registrant  | Failed to open stream to peer QmaUosrM5GmsPjAz5er1WmQRBGVwjW1UELQ67yHJ1z3uNz:
rz_go_x_py_x_go_registrant  |   Error: protocols not supported: tried ['/ipfs/id/1.0.0'], timeout=10s. Last error: protocol not supported: /ipfs/id/1.0.0, response='na'
rz_go_x_py_x_go_registrant  |   Protocols: ['/ipfs/id/1.0.0']
rz_go_x_py_x_go_registrant  |   Timeout: 30s
rz_go_x_py_x_go_registrant  |   Connection: Yamux
rz_go_x_py_x_go_registrant  |   Connection State: established=True, handshake=False
rz_go_x_py_x_go_registrant  |   Registry Stats: None
rz_go_x_py_x_go_registrant  | 2026-09-08 19:54:48,049 [INFO] [__main__] Registrant registered with TTL 300
rz_go_x_py_x_go_registrant  | 2026-09-08 19:54:48,050 [INFO] [__main__] Registrant waiting indefinitely for discoverer...
rz_go_x_py_x_go_discoverer  | Discoverer found 1 peer(s)
rz_go_x_py_x_go_registrant  | Failed to open stream to peer QmSdSZH6WrdaMNu17zbPpoqQc8gnyadyaPhVrJj5PfVhVQ:
rz_go_x_py_x_go_registrant  |   Error: protocols not supported: tried ['/ipfs/id/1.0.0'], timeout=10s. Last error: protocol not supported: /ipfs/id/1.0.0, response='na'
rz_go_x_py_x_go_registrant  |   Protocols: ['/ipfs/id/1.0.0']
rz_go_x_py_x_go_registrant  |   Timeout: 30s
rz_go_x_py_x_go_registrant  |   Connection: Yamux
rz_go_x_py_x_go_registrant  |   Connection State: established=True, handshake=False
rz_go_x_py_x_go_registrant  |   Registry Stats: None
rz_go_x_py_x_go_discoverer  | status: pass
[Krz_go_x_py_x_go_discoverer exited with code 0
 Compose Stopping Aborting on container exit...
 Container rz_go_x_py_x_go_discoverer Stopping 
 Container rz_go_x_py_x_go_discoverer Stopped 
 Container rz_go_x_py_x_go_registrant Stopping 
 Container rz_go_x_py_x_go_registrant Stopped 
 Container rz_go_x_py_x_go_server Stopping 
[Krz_go_x_py_x_go_registrant exited with code 143
 Container rz_go_x_py_x_go_server Stopped 
[Krz_go_x_py_x_go_server exited with code 0
 Container rz_go_x_py_x_go_discoverer Stopping 
 Container rz_go_x_py_x_go_discoverer Stopped 
 Container rz_go_x_py_x_go_discoverer Removing 
 Container rz_go_x_py_x_go_discoverer Removed 
 Container rz_go_x_py_x_go_registrant Stopping 
 Container rz_go_x_py_x_go_registrant Stopped 
 Container rz_go_x_py_x_go_registrant Removing 
 Container rz_go_x_py_x_go_registrant Removed 
 Container rz_go_x_py_x_go_server Stopping 
 Container rz_go_x_py_x_go_server Stopped 
 Container rz_go_x_py_x_go_server Removing 
 Container rz_go_x_py_x_go_server Removed 
