 Container rz_py_x_go_x_py_server Creating 
 Container rz_py_x_go_x_py_server Created 
 Container rz_py_x_go_x_py_registrant Creating 
 Container rz_py_x_go_x_py_registrant Created 
 Container rz_py_x_go_x_py_discoverer Creating 
 Container rz_py_x_go_x_py_discoverer Created 
Attaching to rz_py_x_go_x_py_discoverer, rz_py_x_go_x_py_registrant, rz_py_x_go_x_py_server
 Container rz_py_x_go_x_py_server Starting 
 Container rz_py_x_go_x_py_server Started 
 Container rz_py_x_go_x_py_registrant Starting 
 Container rz_py_x_go_x_py_registrant Started 
 Container rz_py_x_go_x_py_discoverer Starting 
rz_py_x_go_x_py_registrant  | Node started | role=registrant addr=/ip4/172.18.0.4/tcp/34549/p2p/12D3KooWQPhMyYmWZA8ouhZ4bBmkzJHaUFZ3jWfApELaEGkYy14r
 Container rz_py_x_go_x_py_discoverer Started 
rz_py_x_go_x_py_server      | 2026-09-09 15:14:35,578 [INFO] [__main__] Node started in role 'server' at /ip4/172.18.0.3/tcp/39157/p2p/12D3KooWCRWyY9jEgCwN2JQcgTxqDqh4sdikHRZGzyc6N66j2EGr
rz_py_x_go_x_py_server      | 2026-09-09 15:14:35,580 [INFO] [__main__] Rendezvous server waiting indefinitely...
rz_py_x_go_x_py_discoverer  | 2026-09-09 15:14:35,729 [INFO] [__main__] Node started in role 'discoverer' at /ip4/172.18.0.5/tcp/40207/p2p/12D3KooWK5thaG8FdJmpJub9zEUAjNXUJuA579B6Sy87hYc6DNJ6
rz_py_x_go_x_py_registrant  | Registered in namespace "rendezvous-ns-33da6f53" with TTL 5m0s
rz_py_x_go_x_py_server      | Error handling stream from 12D3KooWQPhMyYmWZA8ouhZ4bBmkzJHaUFZ3jWfApELaEGkYy14r: 
rz_py_x_go_x_py_registrant  | Registrant waiting for discoverer...
rz_py_x_go_x_py_discoverer  | 2026-09-09 15:14:36,497 [INFO] [__main__] Discoverer found 1 peer(s)
rz_py_x_go_x_py_server      | Error handling stream from 12D3KooWK5thaG8FdJmpJub9zEUAjNXUJuA579B6Sy87hYc6DNJ6: 
rz_py_x_go_x_py_discoverer  | 2026-09-09 15:14:36,753 [INFO] [__main__] Discoverer successfully pinged registrant peer!
rz_py_x_go_x_py_discoverer  | status: pass
[Krz_py_x_go_x_py_discoverer exited with code 0
 Compose Stopping Aborting on container exit...
 Container rz_py_x_go_x_py_discoverer Stopping 
 Container rz_py_x_go_x_py_discoverer Stopped 
 Container rz_py_x_go_x_py_registrant Stopping 
 Container rz_py_x_go_x_py_registrant Stopped 
 Container rz_py_x_go_x_py_server Stopping 
[Krz_py_x_go_x_py_registrant exited with code 0
 Container rz_py_x_go_x_py_server Stopped 
[Krz_py_x_go_x_py_server exited with code 143
 Container rz_py_x_go_x_py_discoverer Stopping 
 Container rz_py_x_go_x_py_discoverer Stopped 
 Container rz_py_x_go_x_py_discoverer Removing 
 Container rz_py_x_go_x_py_discoverer Removed 
 Container rz_py_x_go_x_py_registrant Stopping 
 Container rz_py_x_go_x_py_registrant Stopped 
 Container rz_py_x_go_x_py_registrant Removing 
 Container rz_py_x_go_x_py_registrant Removed 
 Container rz_py_x_go_x_py_server Stopping 
 Container rz_py_x_go_x_py_server Stopped 
 Container rz_py_x_go_x_py_server Removing 
 Container rz_py_x_go_x_py_server Removed 
