 Container an_go_x_py_server Creating 
 Container an_go_x_py_server Created 
 Container an_go_x_py_client Creating 
 Container an_go_x_py_client Created 
Attaching to an_go_x_py_client, an_go_x_py_server
 Container an_go_x_py_server Starting 
 Container an_go_x_py_server Started 
 Container an_go_x_py_client Starting 
an_go_x_py_server  | Node started | role=server addr=/ip4/172.18.0.3/tcp/38717/p2p/12D3KooWPXLivy9kTzebLv8rGUGW7AG631G7W61hH5xf1ChSG4tp
an_go_x_py_server  | AutoNAT server ready at /ip4/172.18.0.3/tcp/38717/p2p/12D3KooWPXLivy9kTzebLv8rGUGW7AG631G7W61hH5xf1ChSG4tp
 Container an_go_x_py_client Started 
an_go_x_py_client  | 2026-09-13 09:06:02,834 INFO: Connected to AutoNAT server 12D3KooWPXLivy9kTzebLv8rGUGW7AG631G7W61hH5xf1ChSG4tp
an_go_x_py_client  | 2026-09-13 09:06:02,837 INFO: Server verdict: status=0 addr=b'\x04\xac\x12\x00\x04\x06\x90\xf1\xa5\x03&\x00$\x08\x01\x12 \x97\t?\xdd\xf6\x19\xba\xcf<\xe9\x94\xc8\xa7F\xdbZ\xc1\xd9\xc4N_9\x95\xad\xe2\xe0+\x191\x10\xe8-'
an_go_x_py_client  | 2026-09-13 09:06:02,837 INFO: AutoNAT dial-back succeeded: node is reachable
an_go_x_py_client  | verdict: 0
an_go_x_py_client  | status: pass
[Kan_go_x_py_client exited with code 0
 Compose Stopping Aborting on container exit...
 Container an_go_x_py_client Stopping 
 Container an_go_x_py_client Stopped 
 Container an_go_x_py_server Stopping 
 Container an_go_x_py_server Stopped 
[Kan_go_x_py_server exited with code 0
 Container an_go_x_py_client Stopping 
 Container an_go_x_py_client Stopped 
 Container an_go_x_py_client Removing 
 Container an_go_x_py_client Removed 
 Container an_go_x_py_server Stopping 
 Container an_go_x_py_server Stopped 
 Container an_go_x_py_server Removing 
 Container an_go_x_py_server Removed 
