 Container an_go_x_go_server Creating 
 Container an_go_x_go_server Created 
 Container an_go_x_go_client Creating 
 Container an_go_x_go_client Created 
Attaching to an_go_x_go_client, an_go_x_go_server
 Container an_go_x_go_server Starting 
 Container an_go_x_go_server Started 
 Container an_go_x_go_client Starting 
an_go_x_go_server  | Node started | role=server addr=/ip4/172.18.0.3/tcp/42847/p2p/12D3KooWNnJ6dFBQC9JAdXm6p46iYwVkU6g7L3wqvcw5DR5h8pWe
an_go_x_go_server  | AutoNAT server ready at /ip4/172.18.0.3/tcp/42847/p2p/12D3KooWNnJ6dFBQC9JAdXm6p46iYwVkU6g7L3wqvcw5DR5h8pWe
 Container an_go_x_go_client Started 
an_go_x_go_client  | Node started | role=client addr=/ip4/172.18.0.4/tcp/36633/p2p/12D3KooWLbARRwwJrGQyitf4aHYN3VHXBEWy9HXasBBV2Z1wNyNq
an_go_x_go_client  | verdict: 0
an_go_x_go_client  | status: pass
[Kan_go_x_go_client exited with code 0
 Compose Stopping Aborting on container exit...
 Container an_go_x_go_client Stopping 
 Container an_go_x_go_client Stopped 
 Container an_go_x_go_server Stopping 
 Container an_go_x_go_server Stopped 
[Kan_go_x_go_server exited with code 0
 Container an_go_x_go_client Stopping 
 Container an_go_x_go_client Stopped 
 Container an_go_x_go_client Removing 
 Container an_go_x_go_client Removed 
 Container an_go_x_go_server Stopping 
 Container an_go_x_go_server Stopped 
 Container an_go_x_go_server Removing 
 Container an_go_x_go_server Removed 
