 Container rz_go_x_py_x_go_server Creating 
 Container rz_go_x_py_x_go_server Created 
 Container rz_go_x_py_x_go_registrant Creating 
 Container rz_go_x_py_x_go_registrant Created 
 Container rz_go_x_py_x_go_discoverer Creating 
 Container rz_go_x_py_x_go_discoverer Created 
Attaching to rz_go_x_py_x_go_discoverer, rz_go_x_py_x_go_registrant, rz_go_x_py_x_go_server
 Container rz_go_x_py_x_go_server Starting 
 Container rz_go_x_py_x_go_server Started 
 Container rz_go_x_py_x_go_registrant Starting 
rz_go_x_py_x_go_server  | Node started | role=server addr=/ip4/172.20.0.3/tcp/38501/p2p/12D3KooWJcnXhw1UcFEWBrBum5XRiMSkbecstcJTG5BBHVdf7h2Z
rz_go_x_py_x_go_server  | Rendezvous server ready at /ip4/172.20.0.3/tcp/38501/p2p/12D3KooWJcnXhw1UcFEWBrBum5XRiMSkbecstcJTG5BBHVdf7h2Z
 Container rz_go_x_py_x_go_registrant Started 
 Container rz_go_x_py_x_go_discoverer Starting 
 Container rz_go_x_py_x_go_discoverer Started 
rz_go_x_py_x_go_discoverer  | Node started | role=discoverer addr=/ip4/172.20.0.5/tcp/33327/p2p/12D3KooWEmNyvKVs6pLYT1VwPVhTyqfYUQi4ZhhJnW34PCkD836v
rz_go_x_py_x_go_registrant  | 2026-09-12 19:33:12,522 [INFO] [__main__] Node started in role 'registrant' at /ip4/172.20.0.4/tcp/39213/p2p/12D3KooWS4o36K2zMoAuL4yQ5MQVUGVrPxFoLqAdqHR6pWp1UUtK
rz_go_x_py_x_go_registrant  | 2026-09-12 19:33:12,783 [INFO] [__main__] Registrant registered with TTL 300
rz_go_x_py_x_go_registrant  | 2026-09-12 19:33:12,784 [INFO] [__main__] Registrant waiting indefinitely for discoverer...
rz_go_x_py_x_go_discoverer  | Discovered 1 peer(s)
rz_go_x_py_x_go_discoverer  | status: pass
[Krz_go_x_py_x_go_discoverer exited with code 0
 Compose Stopping Aborting on container exit...
 Container rz_go_x_py_x_go_discoverer Stopping 
 Container rz_go_x_py_x_go_discoverer Stopped 
 Container rz_go_x_py_x_go_registrant Stopping 
 Container rz_go_x_py_x_go_registrant Stopped 
 Container rz_go_x_py_x_go_server Stopping 
[Krz_go_x_py_x_go_registrant exited with code 143
 Container rz_go_x_py_x_go_server Stopped 
[Krz_go_x_py_x_go_server exited with code 0
 Container rz_go_x_py_x_go_discoverer Stopping 
 Container rz_go_x_py_x_go_discoverer Stopped 
 Container rz_go_x_py_x_go_discoverer Removing 
 Container rz_go_x_py_x_go_discoverer Removed 
 Container rz_go_x_py_x_go_registrant Stopping 
 Container rz_go_x_py_x_go_registrant Stopped 
 Container rz_go_x_py_x_go_registrant Removing 
 Container rz_go_x_py_x_go_registrant Removed 
 Container rz_go_x_py_x_go_server Stopping 
 Container rz_go_x_py_x_go_server Stopped 
 Container rz_go_x_py_x_go_server Removing 
 Container rz_go_x_py_x_go_server Removed 
