 Container rz_py_x_py_x_py_server Creating 
 Container rz_py_x_py_x_py_server Created 
 Container rz_py_x_py_x_py_registrant Creating 
 Container rz_py_x_py_x_py_registrant Created 
 Container rz_py_x_py_x_py_discoverer Creating 
 Container rz_py_x_py_x_py_discoverer Created 
Attaching to rz_py_x_py_x_py_discoverer, rz_py_x_py_x_py_registrant, rz_py_x_py_x_py_server
 Container rz_py_x_py_x_py_server Starting 
 Container rz_py_x_py_x_py_server Started 
 Container rz_py_x_py_x_py_registrant Starting 
 Container rz_py_x_py_x_py_registrant Started 
 Container rz_py_x_py_x_py_discoverer Starting 
 Container rz_py_x_py_x_py_discoverer Started 
rz_py_x_py_x_py_server  | 2026-09-12 19:33:21,553 [INFO] [__main__] Node started in role 'server' at /ip4/172.20.0.3/tcp/33725/p2p/12D3KooWHWeGGyjyC38hU9rbFDQtJDVoVd46qkMajYefPnK75Sfh
rz_py_x_py_x_py_server  | 2026-09-12 19:33:21,559 [INFO] [__main__] Rendezvous server waiting indefinitely...
rz_py_x_py_x_py_registrant  | 2026-09-12 19:33:21,647 [INFO] [__main__] Node started in role 'registrant' at /ip4/172.20.0.4/tcp/39961/p2p/12D3KooWEBBfVL96Nn9sabSYSHXf7BZycL9v1wU5QByeoQWP3bKq
rz_py_x_py_x_py_discoverer  | 2026-09-12 19:33:21,734 [INFO] [__main__] Node started in role 'discoverer' at /ip4/172.20.0.5/tcp/36459/p2p/12D3KooWCLE58aMx5NhagfmcrukdKJecBUJ6z7yTCaHBD4DVV4QZ
rz_py_x_py_x_py_server      | Error handling stream from 12D3KooWEBBfVL96Nn9sabSYSHXf7BZycL9v1wU5QByeoQWP3bKq: 
rz_py_x_py_x_py_registrant  | 2026-09-12 19:33:21,905 [INFO] [__main__] Registrant registered with TTL 300
rz_py_x_py_x_py_registrant  | 2026-09-12 19:33:21,906 [INFO] [__main__] Registrant waiting indefinitely for discoverer...
rz_py_x_py_x_py_server      | Error handling stream from 12D3KooWCLE58aMx5NhagfmcrukdKJecBUJ6z7yTCaHBD4DVV4QZ: 
rz_py_x_py_x_py_discoverer  | 2026-09-12 19:33:22,493 [INFO] [__main__] Discoverer found 1 peer(s)
rz_py_x_py_x_py_discoverer  | 2026-09-12 19:33:22,750 [INFO] [__main__] Discoverer successfully pinged registrant peer!
rz_py_x_py_x_py_discoverer  | status: pass
[Krz_py_x_py_x_py_discoverer exited with code 0
 Compose Stopping Aborting on container exit...
 Container rz_py_x_py_x_py_discoverer Stopping 
 Container rz_py_x_py_x_py_discoverer Stopped 
 Container rz_py_x_py_x_py_registrant Stopping 
 Container rz_py_x_py_x_py_registrant Stopped 
 Container rz_py_x_py_x_py_server Stopping 
[Krz_py_x_py_x_py_registrant exited with code 143
 Container rz_py_x_py_x_py_server Stopped 
[Krz_py_x_py_x_py_server exited with code 143
 Container rz_py_x_py_x_py_discoverer Stopping 
 Container rz_py_x_py_x_py_discoverer Stopped 
 Container rz_py_x_py_x_py_discoverer Removing 
 Container rz_py_x_py_x_py_discoverer Removed 
 Container rz_py_x_py_x_py_registrant Stopping 
 Container rz_py_x_py_x_py_registrant Stopped 
 Container rz_py_x_py_x_py_registrant Removing 
 Container rz_py_x_py_x_py_registrant Removed 
 Container rz_py_x_py_x_py_server Stopping 
 Container rz_py_x_py_x_py_server Stopped 
 Container rz_py_x_py_x_py_server Removing 
 Container rz_py_x_py_x_py_server Removed 
