 Container rz_py_x_py_x_go_server Creating 
 Container rz_py_x_py_x_go_server Created 
 Container rz_py_x_py_x_go_registrant Creating 
 Container rz_py_x_py_x_go_registrant Created 
 Container rz_py_x_py_x_go_discoverer Creating 
 Container rz_py_x_py_x_go_discoverer Created 
Attaching to rz_py_x_py_x_go_discoverer, rz_py_x_py_x_go_registrant, rz_py_x_py_x_go_server
 Container rz_py_x_py_x_go_server Starting 
 Container rz_py_x_py_x_go_server Started 
 Container rz_py_x_py_x_go_registrant Starting 
 Container rz_py_x_py_x_go_registrant Started 
 Container rz_py_x_py_x_go_discoverer Starting 
 Container rz_py_x_py_x_go_discoverer Started 
rz_py_x_py_x_go_discoverer  | Node started | role=discoverer addr=/ip4/172.20.0.5/tcp/43395/p2p/12D3KooWHfFFXdrEWsA19UJxV7m1ofAXdmhwj6Wf1iLEbP1gMXTu
rz_py_x_py_x_go_server      | 2026-09-12 19:33:19,745 [INFO] [__main__] Node started in role 'server' at /ip4/172.20.0.3/tcp/44069/p2p/12D3KooWGZw8wxU8vfvHaK3AZmLLgDBeUwRvgvquEFUamQG1ERgu
rz_py_x_py_x_go_server      | 2026-09-12 19:33:19,746 [INFO] [__main__] Rendezvous server waiting indefinitely...
rz_py_x_py_x_go_registrant  | 2026-09-12 19:33:19,806 [INFO] [__main__] Node started in role 'registrant' at /ip4/172.20.0.4/tcp/43315/p2p/12D3KooWSL47VSm6juVaY8htR5NRYwiSvgBZEWXnjXyR94uv3TZM
rz_py_x_py_x_go_server      | Error handling stream from 12D3KooWSL47VSm6juVaY8htR5NRYwiSvgBZEWXnjXyR94uv3TZM: 
rz_py_x_py_x_go_registrant  | 2026-09-12 19:33:20,065 [INFO] [__main__] Registrant registered with TTL 300
rz_py_x_py_x_go_registrant  | 2026-09-12 19:33:20,066 [INFO] [__main__] Registrant waiting indefinitely for discoverer...
rz_py_x_py_x_go_discoverer  | Discovered 1 peer(s)
rz_py_x_py_x_go_server      | Error handling stream from 12D3KooWHfFFXdrEWsA19UJxV7m1ofAXdmhwj6Wf1iLEbP1gMXTu: 
rz_py_x_py_x_go_discoverer  | status: pass
[Krz_py_x_py_x_go_discoverer exited with code 0
 Compose Stopping Aborting on container exit...
 Container rz_py_x_py_x_go_discoverer Stopping 
 Container rz_py_x_py_x_go_discoverer Stopped 
 Container rz_py_x_py_x_go_registrant Stopping 
 Container rz_py_x_py_x_go_registrant Stopped 
 Container rz_py_x_py_x_go_server Stopping 
[Krz_py_x_py_x_go_registrant exited with code 143
 Container rz_py_x_py_x_go_server Stopped 
[Krz_py_x_py_x_go_server exited with code 143
 Container rz_py_x_py_x_go_discoverer Stopping 
 Container rz_py_x_py_x_go_discoverer Stopped 
 Container rz_py_x_py_x_go_discoverer Removing 
 Container rz_py_x_py_x_go_discoverer Removed 
 Container rz_py_x_py_x_go_registrant Stopping 
 Container rz_py_x_py_x_go_registrant Stopped 
 Container rz_py_x_py_x_go_registrant Removing 
 Container rz_py_x_py_x_go_registrant Removed 
 Container rz_py_x_py_x_go_server Stopping 
 Container rz_py_x_py_x_go_server Stopped 
 Container rz_py_x_py_x_go_server Removing 
 Container rz_py_x_py_x_go_server Removed 
