 Container rz_py_x_go_x_go_server Creating 
 Container rz_py_x_go_x_go_server Created 
 Container rz_py_x_go_x_go_registrant Creating 
 Container rz_py_x_go_x_go_registrant Created 
 Container rz_py_x_go_x_go_discoverer Creating 
 Container rz_py_x_go_x_go_discoverer Created 
Attaching to rz_py_x_go_x_go_discoverer, rz_py_x_go_x_go_registrant, rz_py_x_go_x_go_server
 Container rz_py_x_go_x_go_server Starting 
 Container rz_py_x_go_x_go_server Started 
 Container rz_py_x_go_x_go_registrant Starting 
 Container rz_py_x_go_x_go_registrant Started 
 Container rz_py_x_go_x_go_discoverer Starting 
rz_py_x_go_x_go_registrant  | Node started | role=registrant addr=/ip4/172.20.0.4/tcp/44689/p2p/12D3KooWQioQaVVHhZPf3ZSNfUsdihzzpkEJNXcLARWap6hXCqUa
 Container rz_py_x_go_x_go_discoverer Started 
rz_py_x_go_x_go_discoverer  | Node started | role=discoverer addr=/ip4/172.20.0.5/tcp/45817/p2p/12D3KooWKsXQ7aTu7qAAYnSMaG1LnfZnpJZVqKweY3tFf8DKeXaf
rz_py_x_go_x_go_server      | 2026-09-12 19:33:16,346 [INFO] [__main__] Node started in role 'server' at /ip4/172.20.0.3/tcp/43969/p2p/12D3KooWNNUtQQXgfB7R7JiedaNeXAxkLWfbes6YFNWAPmLRsy2u
rz_py_x_go_x_go_server      | 2026-09-12 19:33:16,347 [INFO] [__main__] Rendezvous server waiting indefinitely...
rz_py_x_go_x_go_registrant  | Registered in namespace "rendezvous-ns-c4bae73d" with TTL 5m0s
rz_py_x_go_x_go_server      | Error handling stream from 12D3KooWQioQaVVHhZPf3ZSNfUsdihzzpkEJNXcLARWap6hXCqUa: 
rz_py_x_go_x_go_registrant  | Registrant waiting for discoverer...
rz_py_x_go_x_go_discoverer  | Discovered 1 peer(s)
rz_py_x_go_x_go_server      | Error handling stream from 12D3KooWKsXQ7aTu7qAAYnSMaG1LnfZnpJZVqKweY3tFf8DKeXaf: 
rz_py_x_go_x_go_discoverer  | status: pass
[Krz_py_x_go_x_go_discoverer exited with code 0
 Compose Stopping Aborting on container exit...
 Container rz_py_x_go_x_go_discoverer Stopping 
 Container rz_py_x_go_x_go_discoverer Stopped 
 Container rz_py_x_go_x_go_registrant Stopping 
 Container rz_py_x_go_x_go_registrant Stopped 
 Container rz_py_x_go_x_go_server Stopping 
[Krz_py_x_go_x_go_registrant exited with code 0
 Container rz_py_x_go_x_go_server Stopped 
[Krz_py_x_go_x_go_server exited with code 143
 Container rz_py_x_go_x_go_discoverer Stopping 
 Container rz_py_x_go_x_go_discoverer Stopped 
 Container rz_py_x_go_x_go_discoverer Removing 
 Container rz_py_x_go_x_go_discoverer Removed 
 Container rz_py_x_go_x_go_registrant Stopping 
 Container rz_py_x_go_x_go_registrant Stopped 
 Container rz_py_x_go_x_go_registrant Removing 
 Container rz_py_x_go_x_go_registrant Removed 
 Container rz_py_x_go_x_go_server Stopping 
 Container rz_py_x_go_x_go_server Stopped 
 Container rz_py_x_go_x_go_server Removing 
 Container rz_py_x_go_x_go_server Removed 
