 Container rz_go_x_go_x_go_server Creating 
 Container rz_go_x_go_x_go_server Created 
 Container rz_go_x_go_x_go_registrant Creating 
 Container rz_go_x_go_x_go_registrant Created 
 Container rz_go_x_go_x_go_discoverer Creating 
 Container rz_go_x_go_x_go_discoverer Created 
Attaching to rz_go_x_go_x_go_discoverer, rz_go_x_go_x_go_registrant, rz_go_x_go_x_go_server
 Container rz_go_x_go_x_go_server Starting 
 Container rz_go_x_go_x_go_server Started 
 Container rz_go_x_go_x_go_registrant Starting 
rz_go_x_go_x_go_server  | Node started | role=server addr=/ip4/172.18.0.3/tcp/41633/p2p/QmbN9BKpLio3UWuS2HLgP9wFLB5C92bGuSr8V2X2934Rcn
rz_go_x_go_x_go_server  | Rendezvous server ready at /ip4/172.18.0.3/tcp/41633/p2p/QmbN9BKpLio3UWuS2HLgP9wFLB5C92bGuSr8V2X2934Rcn
 Container rz_go_x_go_x_go_registrant Started 
 Container rz_go_x_go_x_go_discoverer Starting 
 Container rz_go_x_go_x_go_discoverer Started 
rz_go_x_go_x_go_registrant  | Node started | role=registrant addr=/ip4/172.18.0.4/tcp/44415/p2p/QmcMSWaupvFiMWqhJnM7v2ECdkTW98GTKhzUjKUupV9bvn
rz_go_x_go_x_go_registrant  | Registered in namespace "rendezvous-ns-efc365ae" with TTL 5m0s
rz_go_x_go_x_go_registrant  | Registrant waiting for discoverer...
rz_go_x_go_x_go_discoverer  | Node started | role=discoverer addr=/ip4/172.18.0.5/tcp/35123/p2p/QmRQqyhm8i3SJ8qSK495cxA3DixFAS4NGeRo7BuVzxwm4c
rz_go_x_go_x_go_discoverer  | Discovered 1 peer(s)
rz_go_x_go_x_go_discoverer  | status: pass
[Krz_go_x_go_x_go_discoverer exited with code 0
 Compose Stopping Aborting on container exit...
 Container rz_go_x_go_x_go_discoverer Stopping 
 Container rz_go_x_go_x_go_discoverer Stopped 
 Container rz_go_x_go_x_go_registrant Stopping 
 Container rz_go_x_go_x_go_registrant Stopped 
 Container rz_go_x_go_x_go_server Stopping 
[Krz_go_x_go_x_go_registrant exited with code 0
rz_go_x_go_x_go_server      | [0;37m14:24:36.439 [31mERROR [0;34m    swarm2: [0mswarm listener accept error: accept tcp4 172.18.0.3:41633: use of closed network connection [0;37mswarm_listen.go:79[0m
 Container rz_go_x_go_x_go_server Stopped 
[Krz_go_x_go_x_go_server exited with code 0
 Container rz_go_x_go_x_go_discoverer Stopping 
 Container rz_go_x_go_x_go_discoverer Stopped 
 Container rz_go_x_go_x_go_discoverer Removing 
 Container rz_go_x_go_x_go_discoverer Removed 
 Container rz_go_x_go_x_go_registrant Stopping 
 Container rz_go_x_go_x_go_registrant Stopped 
 Container rz_go_x_go_x_go_registrant Removing 
 Container rz_go_x_go_x_go_registrant Removed 
 Container rz_go_x_go_x_go_server Stopping 
 Container rz_go_x_go_x_go_server Stopped 
 Container rz_go_x_go_x_go_server Removing 
 Container rz_go_x_go_x_go_server Removed 
