 Container rz_go_x_go_x_py_server Creating 
 Container rz_go_x_go_x_py_server Created 
 Container rz_go_x_go_x_py_registrant Creating 
 Container rz_go_x_go_x_py_registrant Created 
 Container rz_go_x_go_x_py_discoverer Creating 
 Container rz_go_x_go_x_py_discoverer Created 
Attaching to rz_go_x_go_x_py_discoverer, rz_go_x_go_x_py_registrant, rz_go_x_go_x_py_server
 Container rz_go_x_go_x_py_server Starting 
 Container rz_go_x_go_x_py_server Started 
 Container rz_go_x_go_x_py_registrant Starting 
 Container rz_go_x_go_x_py_registrant Started 
 Container rz_go_x_go_x_py_discoverer Starting 
rz_go_x_go_x_py_server  | Node started | role=server addr=/ip4/172.18.0.3/tcp/38153/p2p/QmWYz5HRV34zukzVg7RDFNaDDgkwbhGgLGX3p9Z9rDJ9D1
rz_go_x_go_x_py_server  | Rendezvous server ready at /ip4/172.18.0.3/tcp/38153/p2p/QmWYz5HRV34zukzVg7RDFNaDDgkwbhGgLGX3p9Z9rDJ9D1
 Container rz_go_x_go_x_py_discoverer Started 
rz_go_x_go_x_py_registrant  | Node started | role=registrant addr=/ip4/172.18.0.4/tcp/38197/p2p/QmcYwqa4v5hbfVPfnfkxJMu32tsxuwiZ19Lq65x1yauvuE
rz_go_x_go_x_py_registrant  | Registered in namespace "rendezvous-ns-0399a988" with TTL 5m0s
rz_go_x_go_x_py_registrant  | Registrant waiting for discoverer...
rz_go_x_go_x_py_discoverer  | 2026-09-09 14:24:37,265 [INFO] [__main__] Node started in role 'discoverer' at /ip4/172.18.0.5/tcp/36961/p2p/12D3KooWDdnwgo5Y1KNu4BTjw45HrFEViGKsN6XekqsEr2oaTd2M
rz_go_x_go_x_py_discoverer  | Failed to open stream to peer QmWYz5HRV34zukzVg7RDFNaDDgkwbhGgLGX3p9Z9rDJ9D1:
rz_go_x_go_x_py_discoverer  |   Error: protocols not supported: tried ['/ipfs/id/1.0.0'], timeout=10s. Last error: protocol not supported: /ipfs/id/1.0.0, response='na'
rz_go_x_go_x_py_discoverer  |   Protocols: ['/ipfs/id/1.0.0']
rz_go_x_go_x_py_discoverer  |   Timeout: 30s
rz_go_x_go_x_py_discoverer  |   Connection: Yamux
rz_go_x_go_x_py_discoverer  |   Connection State: established=True, handshake=False
rz_go_x_go_x_py_discoverer  |   Registry Stats: None
rz_go_x_go_x_py_discoverer  | Failed to open stream to peer QmWYz5HRV34zukzVg7RDFNaDDgkwbhGgLGX3p9Z9rDJ9D1:
rz_go_x_go_x_py_discoverer  |   Error: protocols not supported: tried ['/ipfs/id/1.0.0'], timeout=10s. Last error: protocol not supported: /ipfs/id/1.0.0, response='na'
rz_go_x_go_x_py_discoverer  |   Protocols: ['/ipfs/id/1.0.0']
rz_go_x_go_x_py_discoverer  |   Timeout: 30s
rz_go_x_go_x_py_discoverer  |   Connection: Yamux
rz_go_x_go_x_py_discoverer  |   Connection State: established=True, handshake=False
rz_go_x_go_x_py_discoverer  |   Registry Stats: None
rz_go_x_go_x_py_discoverer  | 2026-09-09 14:24:37,522 [INFO] [__main__] Discoverer found 1 peer(s)
rz_go_x_go_x_py_discoverer  | Failed to open stream to peer QmcYwqa4v5hbfVPfnfkxJMu32tsxuwiZ19Lq65x1yauvuE:
rz_go_x_go_x_py_discoverer  |   Error: protocols not supported: tried ['/ipfs/id/1.0.0'], timeout=10s. Last error: protocol not supported: /ipfs/id/1.0.0, response='na'
rz_go_x_go_x_py_discoverer  |   Protocols: ['/ipfs/id/1.0.0']
rz_go_x_go_x_py_discoverer  |   Timeout: 30s
rz_go_x_go_x_py_discoverer  |   Connection: Yamux
rz_go_x_go_x_py_discoverer  |   Connection State: established=True, handshake=False
rz_go_x_go_x_py_discoverer  |   Registry Stats: None
rz_go_x_go_x_py_discoverer  | Failed to open stream to peer QmcYwqa4v5hbfVPfnfkxJMu32tsxuwiZ19Lq65x1yauvuE:
rz_go_x_go_x_py_discoverer  |   Error: protocols not supported: tried ['/ipfs/id/1.0.0'], timeout=10s. Last error: protocol not supported: /ipfs/id/1.0.0, response='na'
rz_go_x_go_x_py_discoverer  |   Protocols: ['/ipfs/id/1.0.0']
rz_go_x_go_x_py_discoverer  |   Timeout: 30s
rz_go_x_go_x_py_discoverer  |   Connection: Yamux
rz_go_x_go_x_py_discoverer  |   Connection State: established=True, handshake=False
rz_go_x_go_x_py_discoverer  |   Registry Stats: None
rz_go_x_go_x_py_discoverer  | 2026-09-09 14:24:37,778 [INFO] [__main__] Discoverer successfully pinged registrant peer!
rz_go_x_go_x_py_discoverer  | status: pass
[Krz_go_x_go_x_py_discoverer exited with code 0
 Compose Stopping Aborting on container exit...
 Container rz_go_x_go_x_py_discoverer Stopping 
 Container rz_go_x_go_x_py_discoverer Stopped 
 Container rz_go_x_go_x_py_registrant Stopping 
rz_go_x_go_x_py_registrant  | [0;37m14:24:37.843 [31mERROR [0;34m    swarm2: [0mswarm listener accept error: accept tcp4 172.18.0.4:38197: use of closed network connection [0;37mswarm_listen.go:79[0m
 Container rz_go_x_go_x_py_registrant Stopped 
 Container rz_go_x_go_x_py_server Stopping 
[Krz_go_x_go_x_py_registrant exited with code 0
rz_go_x_go_x_py_server      | [0;37m14:24:37.893 [31mERROR [0;34m    swarm2: [0mswarm listener accept error: accept tcp4 172.18.0.3:38153: use of closed network connection [0;37mswarm_listen.go:79[0m
 Container rz_go_x_go_x_py_server Stopped 
[Krz_go_x_go_x_py_server exited with code 0
 Container rz_go_x_go_x_py_discoverer Stopping 
 Container rz_go_x_go_x_py_discoverer Stopped 
 Container rz_go_x_go_x_py_discoverer Removing 
 Container rz_go_x_go_x_py_discoverer Removed 
 Container rz_go_x_go_x_py_registrant Stopping 
 Container rz_go_x_go_x_py_registrant Stopped 
 Container rz_go_x_go_x_py_registrant Removing 
 Container rz_go_x_go_x_py_registrant Removed 
 Container rz_go_x_go_x_py_server Stopping 
 Container rz_go_x_go_x_py_server Stopped 
 Container rz_go_x_go_x_py_server Removing 
 Container rz_go_x_go_x_py_server Removed 
