 Container rz_py_x_py_x_py_server Creating 
 Container rz_py_x_py_x_py_server Created 
 Container rz_py_x_py_x_py_registrant Creating 
 Container rz_py_x_py_x_py_registrant Created 
 Container rz_py_x_py_x_py_discoverer Creating 
 Container rz_py_x_py_x_py_discoverer Created 
Attaching to rz_py_x_py_x_py_discoverer, rz_py_x_py_x_py_registrant, rz_py_x_py_x_py_server
 Container rz_py_x_py_x_py_server Starting 
 Container rz_py_x_py_x_py_server Started 
 Container rz_py_x_py_x_py_registrant Starting 
 Container rz_py_x_py_x_py_registrant Started 
 Container rz_py_x_py_x_py_discoverer Starting 
 Container rz_py_x_py_x_py_discoverer Started 
rz_py_x_py_x_py_registrant  | 2026-09-09 14:24:47,444 [INFO] [__main__] Node started in role 'registrant' at /ip4/172.18.0.4/tcp/42035/p2p/12D3KooWFxCsb7zf2DmVS3p6dy4eiqBPUvJkW3XCkNUvQcHWy1gd
rz_py_x_py_x_py_server      | 2026-09-09 14:24:47,467 [INFO] [__main__] Node started in role 'server' at /ip4/172.18.0.3/tcp/33009/p2p/12D3KooWAy9fYbLw1cRDViJfXRMLX6qdxFCnQA6uyp9ZqYSN7ZEu
rz_py_x_py_x_py_server      | 2026-09-09 14:24:47,469 [INFO] [__main__] Rendezvous server waiting indefinitely...
rz_py_x_py_x_py_discoverer  | 2026-09-09 14:24:47,600 [INFO] [__main__] Node started in role 'discoverer' at /ip4/172.18.0.5/tcp/42333/p2p/12D3KooWFGXSfzcoRpgFqjqERWJs8huk8GdkF8hQzKxXtiMeJZre
rz_py_x_py_x_py_server      | Error handling stream from 12D3KooWFxCsb7zf2DmVS3p6dy4eiqBPUvJkW3XCkNUvQcHWy1gd: 
rz_py_x_py_x_py_registrant  | 2026-09-09 14:24:48,208 [INFO] [__main__] Registrant registered with TTL 300
rz_py_x_py_x_py_registrant  | 2026-09-09 14:24:48,210 [INFO] [__main__] Registrant waiting indefinitely for discoverer...
rz_py_x_py_x_py_server      | Error handling stream from 12D3KooWFGXSfzcoRpgFqjqERWJs8huk8GdkF8hQzKxXtiMeJZre: 
rz_py_x_py_x_py_discoverer  | 2026-09-09 14:24:48,865 [INFO] [__main__] Discoverer found 1 peer(s)
rz_py_x_py_x_py_discoverer  | 2026-09-09 14:24:49,123 [INFO] [__main__] Discoverer successfully pinged registrant peer!
rz_py_x_py_x_py_discoverer  | status: pass
[Krz_py_x_py_x_py_discoverer exited with code 0
 Compose Stopping Aborting on container exit...
 Container rz_py_x_py_x_py_discoverer Stopping 
 Container rz_py_x_py_x_py_discoverer Stopped 
 Container rz_py_x_py_x_py_registrant Stopping 
 Container rz_py_x_py_x_py_registrant Stopped 
 Container rz_py_x_py_x_py_server Stopping 
[Krz_py_x_py_x_py_registrant exited with code 143
 Container rz_py_x_py_x_py_server Stopped 
[Krz_py_x_py_x_py_server exited with code 143
 Container rz_py_x_py_x_py_discoverer Stopping 
 Container rz_py_x_py_x_py_discoverer Stopped 
 Container rz_py_x_py_x_py_discoverer Removing 
 Container rz_py_x_py_x_py_discoverer Removed 
 Container rz_py_x_py_x_py_registrant Stopping 
 Container rz_py_x_py_x_py_registrant Stopped 
 Container rz_py_x_py_x_py_registrant Removing 
 Container rz_py_x_py_x_py_registrant Removed 
 Container rz_py_x_py_x_py_server Stopping 
 Container rz_py_x_py_x_py_server Stopped 
 Container rz_py_x_py_x_py_server Removing 
 Container rz_py_x_py_x_py_server Removed 
