 Container rz_py_x_go_x_go_server Creating 
 Container rz_py_x_go_x_go_server Created 
 Container rz_py_x_go_x_go_registrant Creating 
 Container rz_py_x_go_x_go_registrant Created 
 Container rz_py_x_go_x_go_discoverer Creating 
 Container rz_py_x_go_x_go_discoverer Created 
Attaching to rz_py_x_go_x_go_discoverer, rz_py_x_go_x_go_registrant, rz_py_x_go_x_go_server
 Container rz_py_x_go_x_go_server Starting 
 Container rz_py_x_go_x_go_server Started 
 Container rz_py_x_go_x_go_registrant Starting 
 Container rz_py_x_go_x_go_registrant Started 
 Container rz_py_x_go_x_go_discoverer Starting 
 Container rz_py_x_go_x_go_discoverer Started 
rz_py_x_go_x_go_server  | 2026-09-09 14:24:42,510 [INFO] [__main__] Node started in role 'server' at /ip4/172.18.0.3/tcp/44241/p2p/12D3KooWSgdWNfVQM5ERD8NBrWW1v9refPNetS67RXB7DdepTDH5
rz_py_x_go_x_go_server  | 2026-09-09 14:24:42,512 [INFO] [__main__] Rendezvous server waiting indefinitely...
rz_py_x_go_x_go_discoverer  | Node started | role=discoverer addr=/ip4/172.18.0.5/tcp/35139/p2p/Qmc7yGoGJy2AKXsWjuu5g1dGswixTyk4nAZqXec45sns31
rz_py_x_go_x_go_registrant  | Node started | role=registrant addr=/ip4/172.18.0.4/tcp/34735/p2p/QmQGRLBrHX5CHExDfRsZi2kqaFX1cLqgUG2qb1bKCK5n4T
rz_py_x_go_x_go_server      | Failed to open stream to peer QmQGRLBrHX5CHExDfRsZi2kqaFX1cLqgUG2qb1bKCK5n4T:
rz_py_x_go_x_go_server      |   Error: protocols not supported: tried ['/ipfs/id/1.0.0'], timeout=10s. Last error: protocol not supported: /ipfs/id/1.0.0, response='na'
rz_py_x_go_x_go_server      |   Protocols: ['/ipfs/id/1.0.0']
rz_py_x_go_x_go_server      |   Timeout: 30s
rz_py_x_go_x_go_server      |   Connection: Yamux
rz_py_x_go_x_go_server      |   Connection State: established=True, handshake=False
rz_py_x_go_x_go_server      |   Registry Stats: None
rz_py_x_go_x_go_registrant  | Registered in namespace "rendezvous-ns-c4bae73d" with TTL 5m0s
rz_py_x_go_x_go_server      | Error handling stream from QmQGRLBrHX5CHExDfRsZi2kqaFX1cLqgUG2qb1bKCK5n4T: 
rz_py_x_go_x_go_registrant  | Registrant waiting for discoverer...
rz_py_x_go_x_go_server      | Failed to open stream to peer Qmc7yGoGJy2AKXsWjuu5g1dGswixTyk4nAZqXec45sns31:
rz_py_x_go_x_go_server      |   Error: protocols not supported: tried ['/ipfs/id/1.0.0'], timeout=10s. Last error: protocol not supported: /ipfs/id/1.0.0, response='na'
rz_py_x_go_x_go_server      |   Protocols: ['/ipfs/id/1.0.0']
rz_py_x_go_x_go_server      |   Timeout: 30s
rz_py_x_go_x_go_server      |   Connection: Yamux
rz_py_x_go_x_go_server      |   Connection State: established=True, handshake=False
rz_py_x_go_x_go_server      |   Registry Stats: None
rz_py_x_go_x_go_discoverer  | Discovered 1 peer(s)
rz_py_x_go_x_go_server      | Error handling stream from Qmc7yGoGJy2AKXsWjuu5g1dGswixTyk4nAZqXec45sns31: 
rz_py_x_go_x_go_discoverer  | status: pass
[Krz_py_x_go_x_go_discoverer exited with code 0
 Compose Stopping Aborting on container exit...
 Container rz_py_x_go_x_go_discoverer Stopping 
 Container rz_py_x_go_x_go_discoverer Stopped 
 Container rz_py_x_go_x_go_registrant Stopping 
 Container rz_py_x_go_x_go_registrant Stopped 
 Container rz_py_x_go_x_go_server Stopping 
[Krz_py_x_go_x_go_registrant exited with code 0
 Container rz_py_x_go_x_go_server Stopped 
[Krz_py_x_go_x_go_server exited with code 143
 Container rz_py_x_go_x_go_discoverer Stopping 
 Container rz_py_x_go_x_go_discoverer Stopped 
 Container rz_py_x_go_x_go_discoverer Removing 
 Container rz_py_x_go_x_go_discoverer Removed 
 Container rz_py_x_go_x_go_registrant Stopping 
 Container rz_py_x_go_x_go_registrant Stopped 
 Container rz_py_x_go_x_go_registrant Removing 
 Container rz_py_x_go_x_go_registrant Removed 
 Container rz_py_x_go_x_go_server Stopping 
 Container rz_py_x_go_x_go_server Stopped 
 Container rz_py_x_go_x_go_server Removing 
 Container rz_py_x_go_x_go_server Removed 
