 Container rz_py_x_py_x_go_server Creating 
 Container rz_py_x_py_x_go_server Created 
 Container rz_py_x_py_x_go_registrant Creating 
 Container rz_py_x_py_x_go_registrant Created 
 Container rz_py_x_py_x_go_discoverer Creating 
 Container rz_py_x_py_x_go_discoverer Created 
Attaching to rz_py_x_py_x_go_discoverer, rz_py_x_py_x_go_registrant, rz_py_x_py_x_go_server
 Container rz_py_x_py_x_go_server Starting 
 Container rz_py_x_py_x_go_server Started 
 Container rz_py_x_py_x_go_registrant Starting 
 Container rz_py_x_py_x_go_registrant Started 
 Container rz_py_x_py_x_go_discoverer Starting 
 Container rz_py_x_py_x_go_discoverer Started 
rz_py_x_py_x_go_discoverer  | Node started | role=discoverer addr=/ip4/172.18.0.5/tcp/36679/p2p/QmaaMk9JGnukmgKpjY5o6jJvMavUKJnSyk2L7ErbWVU9HK
rz_py_x_py_x_go_server      | 2026-09-09 14:24:46,014 [INFO] [__main__] Node started in role 'server' at /ip4/172.18.0.3/tcp/37511/p2p/12D3KooWSJ9wM6ob7SXZz4r4MLK14MsUNK6QPCGw4c8MpoJtCj5N
rz_py_x_py_x_go_server      | 2026-09-09 14:24:46,015 [INFO] [__main__] Rendezvous server waiting indefinitely...
rz_py_x_py_x_go_registrant  | 2026-09-09 14:24:46,067 [INFO] [__main__] Node started in role 'registrant' at /ip4/172.18.0.4/tcp/33089/p2p/12D3KooWJEDJ4Uwgp1sPv3SBRDZTaTtwd7djDcEUyaEz4utiXR9r
rz_py_x_py_x_go_server      | Error handling stream from 12D3KooWJEDJ4Uwgp1sPv3SBRDZTaTtwd7djDcEUyaEz4utiXR9r: 
rz_py_x_py_x_go_registrant  | 2026-09-09 14:24:46,328 [INFO] [__main__] Registrant registered with TTL 300
rz_py_x_py_x_go_registrant  | 2026-09-09 14:24:46,330 [INFO] [__main__] Registrant waiting indefinitely for discoverer...
rz_py_x_py_x_go_server      | Failed to open stream to peer QmaaMk9JGnukmgKpjY5o6jJvMavUKJnSyk2L7ErbWVU9HK:
rz_py_x_py_x_go_server      |   Error: protocols not supported: tried ['/ipfs/id/1.0.0'], timeout=10s. Last error: protocol not supported: /ipfs/id/1.0.0, response='na'
rz_py_x_py_x_go_server      |   Protocols: ['/ipfs/id/1.0.0']
rz_py_x_py_x_go_server      |   Timeout: 30s
rz_py_x_py_x_go_server      |   Connection: Yamux
rz_py_x_py_x_go_server      |   Connection State: established=True, handshake=False
rz_py_x_py_x_go_server      |   Registry Stats: None
rz_py_x_py_x_go_discoverer  | Discovered 1 peer(s)
rz_py_x_py_x_go_server      | Error handling stream from QmaaMk9JGnukmgKpjY5o6jJvMavUKJnSyk2L7ErbWVU9HK: 
rz_py_x_py_x_go_registrant  | Failed to open stream to peer QmaaMk9JGnukmgKpjY5o6jJvMavUKJnSyk2L7ErbWVU9HK:
rz_py_x_py_x_go_registrant  |   Error: protocols not supported: tried ['/ipfs/id/1.0.0'], timeout=10s. Last error: protocol not supported: /ipfs/id/1.0.0, response='na'
rz_py_x_py_x_go_registrant  |   Protocols: ['/ipfs/id/1.0.0']
rz_py_x_py_x_go_registrant  |   Timeout: 30s
rz_py_x_py_x_go_registrant  |   Connection: Yamux
rz_py_x_py_x_go_registrant  |   Connection State: established=True, handshake=False
rz_py_x_py_x_go_registrant  |   Registry Stats: None
rz_py_x_py_x_go_discoverer  | status: pass
[Krz_py_x_py_x_go_discoverer exited with code 0
 Compose Stopping Aborting on container exit...
 Container rz_py_x_py_x_go_discoverer Stopping 
 Container rz_py_x_py_x_go_discoverer Stopped 
 Container rz_py_x_py_x_go_registrant Stopping 
 Container rz_py_x_py_x_go_registrant Stopped 
 Container rz_py_x_py_x_go_server Stopping 
[Krz_py_x_py_x_go_registrant exited with code 143
 Container rz_py_x_py_x_go_server Stopped 
[Krz_py_x_py_x_go_server exited with code 143
 Container rz_py_x_py_x_go_discoverer Stopping 
 Container rz_py_x_py_x_go_discoverer Stopped 
 Container rz_py_x_py_x_go_discoverer Removing 
 Container rz_py_x_py_x_go_discoverer Removed 
 Container rz_py_x_py_x_go_registrant Stopping 
 Container rz_py_x_py_x_go_registrant Stopped 
 Container rz_py_x_py_x_go_registrant Removing 
 Container rz_py_x_py_x_go_registrant Removed 
 Container rz_py_x_py_x_go_server Stopping 
 Container rz_py_x_py_x_go_server Stopped 
 Container rz_py_x_py_x_go_server Removing 
 Container rz_py_x_py_x_go_server Removed 
