 Container rz_go_x_go_x_py_server Creating 
 Container rz_go_x_go_x_py_server Created 
 Container rz_go_x_go_x_py_registrant Creating 
 Container rz_go_x_go_x_py_registrant Created 
 Container rz_go_x_go_x_py_discoverer Creating 
 Container rz_go_x_go_x_py_discoverer Created 
Attaching to rz_go_x_go_x_py_discoverer, rz_go_x_go_x_py_registrant, rz_go_x_go_x_py_server
 Container rz_go_x_go_x_py_server Starting 
 Container rz_go_x_go_x_py_server Started 
 Container rz_go_x_go_x_py_registrant Starting 
 Container rz_go_x_go_x_py_registrant Started 
 Container rz_go_x_go_x_py_discoverer Starting 
rz_go_x_go_x_py_registrant  | Node started in role 'registrant' at /ip4/172.18.0.4/tcp/39671/p2p/QmPhyqLrbr4Uer7oz9o5Ve5wPYE6U7xMA6gFtNeJJHDFVk
 Container rz_go_x_go_x_py_discoverer Started 
rz_go_x_go_x_py_server      | Node started in role 'server' at /ip4/172.18.0.3/tcp/35091/p2p/QmcprgQLtw6enHizvZxYbDPgAZRYRKS5p4pfB8sPWyJfsB
rz_go_x_go_x_py_server      | Rendezvous server waiting indefinitely...
rz_go_x_go_x_py_registrant  | Registrant registered with TTL 5m0s
rz_go_x_go_x_py_registrant  | Registrant waiting indefinitely for discoverer...
rz_go_x_go_x_py_discoverer  | 2026-09-06 17:46:50,287 INFO: Node started in role 'discoverer' at /ip4/172.18.0.5/tcp/39025/p2p/12D3KooWSFaAwzGdcDB8GWw5Ran4MYNWW5waFajkBzo7fs42GmDu
rz_go_x_go_x_py_discoverer  | Failed to open stream to peer QmcprgQLtw6enHizvZxYbDPgAZRYRKS5p4pfB8sPWyJfsB:
rz_go_x_go_x_py_discoverer  |   Error: protocols not supported: tried ['/ipfs/id/1.0.0'], timeout=10s. Last error: protocol not supported: /ipfs/id/1.0.0, response='na'
rz_go_x_go_x_py_discoverer  |   Protocols: ['/ipfs/id/1.0.0']
rz_go_x_go_x_py_discoverer  |   Timeout: 30s
rz_go_x_go_x_py_discoverer  |   Connection: Yamux
rz_go_x_go_x_py_discoverer  |   Connection State: established=True, handshake=False
rz_go_x_go_x_py_discoverer  |   Registry Stats: None
rz_go_x_go_x_py_discoverer  | Failed to open stream to peer QmcprgQLtw6enHizvZxYbDPgAZRYRKS5p4pfB8sPWyJfsB:
rz_go_x_go_x_py_discoverer  |   Error: protocols not supported: tried ['/ipfs/id/1.0.0'], timeout=10s. Last error: protocol not supported: /ipfs/id/1.0.0, response='na'
rz_go_x_go_x_py_discoverer  |   Protocols: ['/ipfs/id/1.0.0']
rz_go_x_go_x_py_discoverer  |   Timeout: 30s
rz_go_x_go_x_py_discoverer  |   Connection: Yamux
rz_go_x_go_x_py_discoverer  |   Connection State: established=True, handshake=False
rz_go_x_go_x_py_discoverer  |   Registry Stats: None
rz_go_x_go_x_py_discoverer  | 2026-09-06 17:46:50,552 INFO: Discoverer found 1 peer(s)
rz_go_x_go_x_py_discoverer  | Failed to open stream to peer QmPhyqLrbr4Uer7oz9o5Ve5wPYE6U7xMA6gFtNeJJHDFVk:
rz_go_x_go_x_py_discoverer  |   Error: protocols not supported: tried ['/ipfs/id/1.0.0'], timeout=10s. Last error: protocol not supported: /ipfs/id/1.0.0, response='na'
rz_go_x_go_x_py_discoverer  |   Protocols: ['/ipfs/id/1.0.0']
rz_go_x_go_x_py_discoverer  |   Timeout: 30s
rz_go_x_go_x_py_discoverer  |   Connection: Yamux
rz_go_x_go_x_py_discoverer  |   Connection State: established=True, handshake=False
rz_go_x_go_x_py_discoverer  |   Registry Stats: None
rz_go_x_go_x_py_discoverer  | Failed to open stream to peer QmPhyqLrbr4Uer7oz9o5Ve5wPYE6U7xMA6gFtNeJJHDFVk:
rz_go_x_go_x_py_discoverer  |   Error: protocols not supported: tried ['/ipfs/id/1.0.0'], timeout=10s. Last error: protocol not supported: /ipfs/id/1.0.0, response='na'
rz_go_x_go_x_py_discoverer  |   Protocols: ['/ipfs/id/1.0.0']
rz_go_x_go_x_py_discoverer  |   Timeout: 30s
rz_go_x_go_x_py_discoverer  |   Connection: Yamux
rz_go_x_go_x_py_discoverer  |   Connection State: established=True, handshake=False
rz_go_x_go_x_py_discoverer  |   Registry Stats: None
rz_go_x_go_x_py_discoverer  | 2026-09-06 17:46:50,813 INFO: Discoverer successfully pinged registrant peer!
rz_go_x_go_x_py_discoverer  | status: pass
[Krz_go_x_go_x_py_discoverer exited with code 0
 Compose Stopping Aborting on container exit...
 Container rz_go_x_go_x_py_discoverer Stopping 
 Container rz_go_x_go_x_py_discoverer Stopped 
 Container rz_go_x_go_x_py_registrant Stopping 
rz_go_x_go_x_py_registrant  | [0;37m17:46:50.904 [31mERROR [0;34m    swarm2: [0mswarm listener accept error: accept tcp4 172.18.0.4:39671: use of closed network connection [0;37mswarm_listen.go:79[0m
 Container rz_go_x_go_x_py_registrant Stopped 
 Container rz_go_x_go_x_py_server Stopping 
[Krz_go_x_go_x_py_registrant exited with code 0
 Container rz_go_x_go_x_py_server Stopped 
[Krz_go_x_go_x_py_server exited with code 0
 Container rz_go_x_go_x_py_discoverer Stopping 
 Container rz_go_x_go_x_py_discoverer Stopped 
 Container rz_go_x_go_x_py_discoverer Removing 
 Container rz_go_x_go_x_py_discoverer Removed 
 Container rz_go_x_go_x_py_registrant Stopping 
 Container rz_go_x_go_x_py_registrant Stopped 
 Container rz_go_x_go_x_py_registrant Removing 
 Container rz_go_x_go_x_py_registrant Removed 
 Container rz_go_x_go_x_py_server Stopping 
 Container rz_go_x_go_x_py_server Stopped 
 Container rz_go_x_go_x_py_server Removing 
 Container rz_go_x_go_x_py_server Removed 
