 Container rz_go_x_go_x_go_server Creating 
 Container rz_go_x_go_x_go_server Created 
 Container rz_go_x_go_x_go_registrant Creating 
 Container rz_go_x_go_x_go_registrant Created 
 Container rz_go_x_go_x_go_discoverer Creating 
 Container rz_go_x_go_x_go_discoverer Created 
Attaching to rz_go_x_go_x_go_discoverer, rz_go_x_go_x_go_registrant, rz_go_x_go_x_go_server
 Container rz_go_x_go_x_go_server Starting 
 Container rz_go_x_go_x_go_server Started 
 Container rz_go_x_go_x_go_registrant Starting 
 Container rz_go_x_go_x_go_registrant Started 
 Container rz_go_x_go_x_go_discoverer Starting 
rz_go_x_go_x_go_registrant  | Node started in role 'registrant' at /ip4/172.18.0.4/tcp/34197/p2p/QmZdFXypY4ppNLP3qZCUaZwyxxwtd3FLCFvW6xiV5nMwR6
rz_go_x_go_x_go_server      | Node started in role 'server' at /ip4/172.18.0.3/tcp/32979/p2p/QmPPpf2mWUgc4AK1xEWozFKK628wvo4kt7ULdDWWY1eVc2
rz_go_x_go_x_go_server      | Rendezvous server waiting indefinitely...
 Container rz_go_x_go_x_go_discoverer Started 
rz_go_x_go_x_go_discoverer  | Node started in role 'discoverer' at /ip4/172.18.0.5/tcp/46039/p2p/QmaDDAmz6mosZhDYcn7QoTK6mNqtud9DhYjp4GrB52S7qE
rz_go_x_go_x_go_registrant  | Registrant registered with TTL 5m0s
rz_go_x_go_x_go_registrant  | Registrant waiting indefinitely for discoverer...
rz_go_x_go_x_go_discoverer  | Discoverer found 1 peer(s)
rz_go_x_go_x_go_discoverer  | status: pass
[Krz_go_x_go_x_go_discoverer exited with code 0
 Compose Stopping Aborting on container exit...
 Container rz_go_x_go_x_go_discoverer Stopping 
 Container rz_go_x_go_x_go_discoverer Stopped 
 Container rz_go_x_go_x_go_registrant Stopping 
rz_go_x_go_x_go_registrant  | [0;37m19:54:54.694 [31mERROR [0;34m    swarm2: [0mswarm listener accept error: accept tcp4 172.18.0.4:34197: use of closed network connection [0;37mswarm_listen.go:79[0m
 Container rz_go_x_go_x_go_registrant Stopped 
 Container rz_go_x_go_x_go_server Stopping 
[Krz_go_x_go_x_go_registrant exited with code 0
rz_go_x_go_x_go_server      | [0;37m19:54:54.734 [31mERROR [0;34m    swarm2: [0mswarm listener accept error: accept tcp4 172.18.0.3:32979: use of closed network connection [0;37mswarm_listen.go:79[0m
 Container rz_go_x_go_x_go_server Stopped 
[Krz_go_x_go_x_go_server exited with code 0
 Container rz_go_x_go_x_go_discoverer Stopping 
 Container rz_go_x_go_x_go_discoverer Stopped 
 Container rz_go_x_go_x_go_discoverer Removing 
 Container rz_go_x_go_x_go_discoverer Removed 
 Container rz_go_x_go_x_go_registrant Stopping 
 Container rz_go_x_go_x_go_registrant Stopped 
 Container rz_go_x_go_x_go_registrant Removing 
 Container rz_go_x_go_x_go_registrant Removed 
 Container rz_go_x_go_x_go_server Stopping 
 Container rz_go_x_go_x_go_server Stopped 
 Container rz_go_x_go_x_go_server Removing 
 Container rz_go_x_go_x_go_server Removed 
