 Container rz_go_x_py_x_go_server Creating 
 Container rz_go_x_py_x_go_server Created 
 Container rz_go_x_py_x_go_registrant Creating 
 Container rz_go_x_py_x_go_registrant Created 
 Container rz_go_x_py_x_go_discoverer Creating 
 Container rz_go_x_py_x_go_discoverer Created 
Attaching to rz_go_x_py_x_go_discoverer, rz_go_x_py_x_go_registrant, rz_go_x_py_x_go_server
 Container rz_go_x_py_x_go_server Starting 
 Container rz_go_x_py_x_go_server Started 
 Container rz_go_x_py_x_go_registrant Starting 
 Container rz_go_x_py_x_go_registrant Started 
 Container rz_go_x_py_x_go_discoverer Starting 
 Container rz_go_x_py_x_go_discoverer Started 
rz_go_x_py_x_go_discoverer  | Node started in role 'discoverer' at /ip4/172.18.0.5/tcp/43453/p2p/QmUcCj45Nw9qHE5ijytifGjQ7iScqi4BptW6egxMQ1ZN86
rz_go_x_py_x_go_registrant  | 2026-09-08 19:53:03,658 [INFO] [__main__] Node started in role 'registrant' at /ip4/172.18.0.4/tcp/38877/p2p/12D3KooWAsPE2anzkBXmW35VQeC1sd36CBhAS72yLCituXgdyWKv
rz_go_x_py_x_go_server      | Node started in role 'server' at /ip4/172.18.0.3/tcp/37401/p2p/QmYdEBB1A6pbkckGXhVrPxtN3VHndaAp3sQdbLX8MMWtAj
rz_go_x_py_x_go_server      | Rendezvous server waiting indefinitely...
rz_go_x_py_x_go_registrant  | Failed to open stream to peer QmYdEBB1A6pbkckGXhVrPxtN3VHndaAp3sQdbLX8MMWtAj:
rz_go_x_py_x_go_registrant  |   Error: protocols not supported: tried ['/ipfs/id/1.0.0'], timeout=10s. Last error: protocol not supported: /ipfs/id/1.0.0, response='na'
rz_go_x_py_x_go_registrant  |   Protocols: ['/ipfs/id/1.0.0']
rz_go_x_py_x_go_registrant  |   Timeout: 30s
rz_go_x_py_x_go_registrant  |   Connection: Yamux
rz_go_x_py_x_go_registrant  |   Connection State: established=True, handshake=False
rz_go_x_py_x_go_registrant  |   Registry Stats: None
rz_go_x_py_x_go_registrant  | Failed to open stream to peer QmYdEBB1A6pbkckGXhVrPxtN3VHndaAp3sQdbLX8MMWtAj:
rz_go_x_py_x_go_registrant  |   Error: protocols not supported: tried ['/ipfs/id/1.0.0'], timeout=10s. Last error: protocol not supported: /ipfs/id/1.0.0, response='na'
rz_go_x_py_x_go_registrant  |   Protocols: ['/ipfs/id/1.0.0']
rz_go_x_py_x_go_registrant  |   Timeout: 30s
rz_go_x_py_x_go_registrant  |   Connection: Yamux
rz_go_x_py_x_go_registrant  |   Connection State: established=True, handshake=False
rz_go_x_py_x_go_registrant  |   Registry Stats: None
rz_go_x_py_x_go_registrant  | 2026-09-08 19:53:04,419 [INFO] [__main__] Registrant registered with TTL 300
rz_go_x_py_x_go_registrant  | 2026-09-08 19:53:04,419 [INFO] [__main__] Registrant waiting indefinitely for discoverer...
rz_go_x_py_x_go_discoverer  | Discoverer found 1 peer(s)
rz_go_x_py_x_go_discoverer  | error: Dial to registrant failed: failed to dial 12D3KooWAsPE2anzkBXmW35VQeC1sd36CBhAS72yLCituXgdyWKv: no good addresses
rz_go_x_py_x_go_discoverer  | status: fail
[Krz_go_x_py_x_go_discoverer exited with code 1
 Compose Stopping Aborting on container exit...
 Container rz_go_x_py_x_go_discoverer Stopping 
 Container rz_go_x_py_x_go_discoverer Stopped 
 Container rz_go_x_py_x_go_registrant Stopping 
 Container rz_go_x_py_x_go_registrant Stopped 
 Container rz_go_x_py_x_go_server Stopping 
[Krz_go_x_py_x_go_registrant exited with code 143
 Container rz_go_x_py_x_go_server Stopped 
[Krz_go_x_py_x_go_server exited with code 0

 Container rz_go_x_py_x_go_discoverer Stopping 
 Container rz_go_x_py_x_go_discoverer Stopped 
 Container rz_go_x_py_x_go_discoverer Removing 
 Container rz_go_x_py_x_go_discoverer Removed 
 Container rz_go_x_py_x_go_registrant Stopping 
 Container rz_go_x_py_x_go_registrant Stopped 
 Container rz_go_x_py_x_go_registrant Removing 
 Container rz_go_x_py_x_go_registrant Removed 
 Container rz_go_x_py_x_go_server Stopping 
 Container rz_go_x_py_x_go_server Stopped 
 Container rz_go_x_py_x_go_server Removing 
 Container rz_go_x_py_x_go_server Removed 
